Archive member included because of file (symbol)

c:/altera/13.0sp1/nios2eds/bin/gnu/h-i686-mingw32/bin/../lib/gcc/nios2-elf/4.1.2/../../../../nios2-elf/lib\libsmallc.a(lib_a-printf.o)
                              obj/default/hello_world_small.o (printf)
c:/altera/13.0sp1/nios2eds/bin/gnu/h-i686-mingw32/bin/../lib/gcc/nios2-elf/4.1.2/../../../../nios2-elf/lib\libsmallc.a(lib_a-vfprintf.o)
                              c:/altera/13.0sp1/nios2eds/bin/gnu/h-i686-mingw32/bin/../lib/gcc/nios2-elf/4.1.2/../../../../nios2-elf/lib\libsmallc.a(lib_a-printf.o) (___vfprintf_internal_r)
c:/altera/13.0sp1/nios2eds/bin/gnu/h-i686-mingw32/bin/../lib/gcc/nios2-elf/4.1.2/../../../../nios2-elf/lib\libsmallc.a(lib_a-fvwrite_small_dev.o)
                              c:/altera/13.0sp1/nios2eds/bin/gnu/h-i686-mingw32/bin/../lib/gcc/nios2-elf/4.1.2/../../../../nios2-elf/lib\libsmallc.a(lib_a-printf.o) (__sfvwrite_small_dev)
c:/altera/13.0sp1/nios2eds/bin/gnu/h-i686-mingw32/bin/../lib/gcc/nios2-elf/4.1.2/../../../../nios2-elf/lib\libsmallc.a(lib_a-impure.o)
                              c:/altera/13.0sp1/nios2eds/bin/gnu/h-i686-mingw32/bin/../lib/gcc/nios2-elf/4.1.2/../../../../nios2-elf/lib\libsmallc.a(lib_a-printf.o) (_impure_ptr)
c:/altera/13.0sp1/nios2eds/bin/gnu/h-i686-mingw32/bin/../lib/gcc/nios2-elf/4.1.2/../../../../nios2-elf/lib\libsmallc.a(lib_a-strlen.o)
                              c:/altera/13.0sp1/nios2eds/bin/gnu/h-i686-mingw32/bin/../lib/gcc/nios2-elf/4.1.2/../../../../nios2-elf/lib\libsmallc.a(lib_a-vfprintf.o) (strlen)
c:/altera/13.0sp1/nios2eds/bin/gnu/h-i686-mingw32/bin/../lib/gcc/nios2-elf/4.1.2/../../../../nios2-elf/lib\libsmallc.a(lib_a-writer.o)
                              c:/altera/13.0sp1/nios2eds/bin/gnu/h-i686-mingw32/bin/../lib/gcc/nios2-elf/4.1.2/../../../../nios2-elf/lib\libsmallc.a(lib_a-fvwrite_small_dev.o) (_write_r)
c:/altera/13.0sp1/nios2eds/bin/gnu/h-i686-mingw32/bin/../lib/gcc/nios2-elf/4.1.2/../../../../nios2-elf/lib\libsmallc.a(lib_a-int_errno.o)
                              c:/altera/13.0sp1/nios2eds/bin/gnu/h-i686-mingw32/bin/../lib/gcc/nios2-elf/4.1.2/../../../../nios2-elf/lib\libsmallc.a(lib_a-writer.o) (errno)
c:/altera/13.0sp1/nios2eds/bin/gnu/h-i686-mingw32/bin/../lib/gcc/nios2-elf/4.1.2\libgcc.a(lib2-divmod.o)
                              c:/altera/13.0sp1/nios2eds/bin/gnu/h-i686-mingw32/bin/../lib/gcc/nios2-elf/4.1.2/../../../../nios2-elf/lib\libsmallc.a(lib_a-vfprintf.o) (__udivsi3)
../NIOSII_bsp/\libhal_bsp.a(alt_load.o)
                              ../NIOSII_bsp//obj/HAL/src/crt0.o (alt_load)
../NIOSII_bsp/\libhal_bsp.a(alt_main.o)
                              ../NIOSII_bsp//obj/HAL/src/crt0.o (alt_main)
../NIOSII_bsp/\libhal_bsp.a(alt_usleep.o)
                              obj/default/hello_world_small.o (usleep)
../NIOSII_bsp/\libhal_bsp.a(alt_write.o)
                              c:/altera/13.0sp1/nios2eds/bin/gnu/h-i686-mingw32/bin/../lib/gcc/nios2-elf/4.1.2/../../../../nios2-elf/lib\libsmallc.a(lib_a-writer.o) (write)
../NIOSII_bsp/\libhal_bsp.a(alt_sys_init.o)
                              ../NIOSII_bsp/\libhal_bsp.a(alt_main.o) (alt_sys_init)
../NIOSII_bsp/\libhal_bsp.a(altera_avalon_jtag_uart_write.o)
                              ../NIOSII_bsp/\libhal_bsp.a(alt_write.o) (altera_avalon_jtag_uart_write)
../NIOSII_bsp/\libhal_bsp.a(alt_busy_sleep.o)
                              ../NIOSII_bsp/\libhal_bsp.a(alt_usleep.o) (alt_busy_sleep)
../NIOSII_bsp/\libhal_bsp.a(alt_dcache_flush_all.o)
                              ../NIOSII_bsp/\libhal_bsp.a(alt_load.o) (alt_dcache_flush_all)
../NIOSII_bsp/\libhal_bsp.a(alt_errno.o)
                              ../NIOSII_bsp/\libhal_bsp.a(alt_write.o) (alt_errno)
../NIOSII_bsp/\libhal_bsp.a(alt_icache_flush_all.o)
                              ../NIOSII_bsp/\libhal_bsp.a(alt_load.o) (alt_icache_flush_all)
../NIOSII_bsp/\libhal_bsp.a(altera_nios2_qsys_irq.o)
                              ../NIOSII_bsp/\libhal_bsp.a(alt_sys_init.o) (altera_nios2_qsys_irq_init)
../NIOSII_bsp/\libhal_bsp.a(alt_icache_flush.o)
                              ../NIOSII_bsp/\libhal_bsp.a(alt_icache_flush_all.o) (alt_icache_flush)

Allocating common symbols
Common symbol       size              file

errno               0x4               c:/altera/13.0sp1/nios2eds/bin/gnu/h-i686-mingw32/bin/../lib/gcc/nios2-elf/4.1.2/../../../../nios2-elf/lib\libsmallc.a(lib_a-int_errno.o)

Memory Configuration

Name             Origin             Length             Attributes
reset            0x02000000         0x00000020
sdram            0x02000020         0x01ffffe0
onchip_memory2   0x04008000         0x00008000
*default*        0x00000000         0xffffffff

Linker script and memory map

LOAD ../NIOSII_bsp//obj/HAL/src/crt0.o
                0x0200001c                exit = _exit
LOAD obj/default/hello_world_small.o
LOAD c:/altera/13.0sp1/nios2eds/bin/gnu/h-i686-mingw32/bin/../lib/gcc/nios2-elf/4.1.2/../../../../nios2-elf/lib\libstdc++.a
LOAD c:/altera/13.0sp1/nios2eds/bin/gnu/h-i686-mingw32/bin/../lib/gcc/nios2-elf/4.1.2/../../../../nios2-elf/lib\libm.a
LOAD c:/altera/13.0sp1/nios2eds/bin/gnu/h-i686-mingw32/bin/../lib/gcc/nios2-elf/4.1.2\libgcc.a
START GROUP
LOAD c:/altera/13.0sp1/nios2eds/bin/gnu/h-i686-mingw32/bin/../lib/gcc/nios2-elf/4.1.2/../../../../nios2-elf/lib\libsmallc.a
LOAD c:/altera/13.0sp1/nios2eds/bin/gnu/h-i686-mingw32/bin/../lib/gcc/nios2-elf/4.1.2\libgcc.a
LOAD ../NIOSII_bsp/\libhal_bsp.a
END GROUP
LOAD c:/altera/13.0sp1/nios2eds/bin/gnu/h-i686-mingw32/bin/../lib/gcc/nios2-elf/4.1.2\libgcc.a
                0x02000000                __alt_mem_sdram = 0x2000000
                0x04008000                __alt_mem_onchip_memory2 = 0x4008000

.entry          0x02000000       0x20
 *(.entry)
 .entry         0x02000000       0x20 ../NIOSII_bsp//obj/HAL/src/crt0.o
                0x02000000                __reset
                0x0200001c                _exit

.exceptions     0x02000020        0x0
                0x02000020                PROVIDE (__ram_exceptions_start, ABSOLUTE (.))
                0x02000020                . = ALIGN (0x20)
 *(.irq)
 *(.exceptions.entry.label)
 *(.exceptions.entry.user)
 *(.exceptions.entry)
 *(.exceptions.irqtest.user)
 *(.exceptions.irqtest)
 *(.exceptions.irqhandler.user)
 *(.exceptions.irqhandler)
 *(.exceptions.irqreturn.user)
 *(.exceptions.irqreturn)
 *(.exceptions.notirq.label)
 *(.exceptions.notirq.user)
 *(.exceptions.notirq)
 *(.exceptions.soft.user)
 *(.exceptions.soft)
 *(.exceptions.unknown.user)
 *(.exceptions.unknown)
 *(.exceptions.exit.label)
 *(.exceptions.exit.user)
 *(.exceptions.exit)
 *(.exceptions)
                0x02000020                PROVIDE (__ram_exceptions_end, ABSOLUTE (.))
                0x02000020                PROVIDE (__flash_exceptions_start, LOADADDR (.exceptions))

.text           0x02000020      0xd0c
                0x02000020                PROVIDE (stext, ABSOLUTE (.))
 *(.interp)
 *(.hash)
 *(.dynsym)
 *(.dynstr)
 *(.gnu.version)
 *(.gnu.version_d)
 *(.gnu.version_r)
 *(.rel.init)
 *(.rela.init)
 *(.rel.text .rel.text.* .rel.gnu.linkonce.t.*)
 *(.rela.text .rela.text.* .rela.gnu.linkonce.t.*)
 *(.rel.fini)
 *(.rela.fini)
 *(.rel.rodata .rel.rodata.* .rel.gnu.linkonce.r.*)
 *(.rela.rodata .rela.rodata.* .rela.gnu.linkonce.r.*)
 *(.rel.data .rel.data.* .rel.gnu.linkonce.d.*)
 *(.rela.data .rela.data.* .rela.gnu.linkonce.d.*)
 *(.rel.tdata .rel.tdata.* .rel.gnu.linkonce.td.*)
 *(.rela.tdata .rela.tdata.* .rela.gnu.linkonce.td.*)
 *(.rel.tbss .rel.tbss.* .rel.gnu.linkonce.tb.*)
 *(.rela.tbss .rela.tbss.* .rela.gnu.linkonce.tb.*)
 *(.rel.ctors)
 *(.rela.ctors)
 *(.rel.dtors)
 *(.rela.dtors)
 *(.rel.got)
 *(.rela.got)
 *(.rel.sdata .rel.sdata.* .rel.gnu.linkonce.s.*)
 *(.rela.sdata .rela.sdata.* .rela.gnu.linkonce.s.*)
 *(.rel.sbss .rel.sbss.* .rel.gnu.linkonce.sb.*)
 *(.rela.sbss .rela.sbss.* .rela.gnu.linkonce.sb.*)
 *(.rel.sdata2 .rel.sdata2.* .rel.gnu.linkonce.s2.*)
 *(.rela.sdata2 .rela.sdata2.* .rela.gnu.linkonce.s2.*)
 *(.rel.sbss2 .rel.sbss2.* .rel.gnu.linkonce.sb2.*)
 *(.rela.sbss2 .rela.sbss2.* .rela.gnu.linkonce.sb2.*)
 *(.rel.bss .rel.bss.* .rel.gnu.linkonce.b.*)
 *(.rela.bss .rela.bss.* .rela.gnu.linkonce.b.*)
 *(.rel.plt)
 *(.rela.plt)
 *(.rel.dyn)
 *(.init)
 *(.plt)
 *(.text .stub .text.* .gnu.linkonce.t.*)
 .text          0x02000020       0x4c ../NIOSII_bsp//obj/HAL/src/crt0.o
                0x02000020                _start
 .text          0x0200006c       0x48 obj/default/hello_world_small.o
                0x0200006c                main
 .text          0x020000b4       0x98 c:/altera/13.0sp1/nios2eds/bin/gnu/h-i686-mingw32/bin/../lib/gcc/nios2-elf/4.1.2/../../../../nios2-elf/lib\libsmallc.a(lib_a-printf.o)
                0x020000b4                printf
                0x02000108                _printf_r
 .text          0x0200014c      0x6d4 c:/altera/13.0sp1/nios2eds/bin/gnu/h-i686-mingw32/bin/../lib/gcc/nios2-elf/4.1.2/../../../../nios2-elf/lib\libsmallc.a(lib_a-vfprintf.o)
                0x020001cc                ___vfprintf_internal_r
                0x020007fc                __vfprintf_internal
 .text          0x02000820       0xbc c:/altera/13.0sp1/nios2eds/bin/gnu/h-i686-mingw32/bin/../lib/gcc/nios2-elf/4.1.2/../../../../nios2-elf/lib\libsmallc.a(lib_a-fvwrite_small_dev.o)
                0x02000820                __sfvwrite_small_dev
 .text          0x020008dc        0x0 c:/altera/13.0sp1/nios2eds/bin/gnu/h-i686-mingw32/bin/../lib/gcc/nios2-elf/4.1.2/../../../../nios2-elf/lib\libsmallc.a(lib_a-impure.o)
 .text          0x020008dc       0x20 c:/altera/13.0sp1/nios2eds/bin/gnu/h-i686-mingw32/bin/../lib/gcc/nios2-elf/4.1.2/../../../../nios2-elf/lib\libsmallc.a(lib_a-strlen.o)
                0x020008dc                strlen
 .text          0x020008fc       0x78 c:/altera/13.0sp1/nios2eds/bin/gnu/h-i686-mingw32/bin/../lib/gcc/nios2-elf/4.1.2/../../../../nios2-elf/lib\libsmallc.a(lib_a-writer.o)
                0x020008fc                _write_r
 .text          0x02000974        0x0 c:/altera/13.0sp1/nios2eds/bin/gnu/h-i686-mingw32/bin/../lib/gcc/nios2-elf/4.1.2/../../../../nios2-elf/lib\libsmallc.a(lib_a-int_errno.o)
 .text          0x02000974      0x14c c:/altera/13.0sp1/nios2eds/bin/gnu/h-i686-mingw32/bin/../lib/gcc/nios2-elf/4.1.2\libgcc.a(lib2-divmod.o)
                0x020009f0                __divsi3
                0x02000a50                __modsi3
                0x02000ab0                __udivsi3
                0x02000ab8                __umodsi3
 .text          0x02000ac0       0x8c ../NIOSII_bsp/\libhal_bsp.a(alt_load.o)
                0x02000ae0                alt_load
 .text          0x02000b4c       0x2c ../NIOSII_bsp/\libhal_bsp.a(alt_main.o)
                0x02000b4c                alt_main
 .text          0x02000b78        0x4 ../NIOSII_bsp/\libhal_bsp.a(alt_usleep.o)
                0x02000b78                usleep
 .text          0x02000b7c       0x78 ../NIOSII_bsp/\libhal_bsp.a(alt_write.o)
                0x02000b7c                write
 .text          0x02000bf4       0x24 ../NIOSII_bsp/\libhal_bsp.a(alt_sys_init.o)
                0x02000bf4                alt_sys_init
                0x02000bf8                alt_irq_init
 .text          0x02000c18       0x34 ../NIOSII_bsp/\libhal_bsp.a(altera_avalon_jtag_uart_write.o)
                0x02000c18                altera_avalon_jtag_uart_write
 .text          0x02000c4c       0x7c ../NIOSII_bsp/\libhal_bsp.a(alt_busy_sleep.o)
                0x02000c4c                alt_busy_sleep
 .text          0x02000cc8       0x18 ../NIOSII_bsp/\libhal_bsp.a(alt_dcache_flush_all.o)
                0x02000cc8                alt_dcache_flush_all
 .text          0x02000ce0        0x0 ../NIOSII_bsp/\libhal_bsp.a(alt_errno.o)
 .text          0x02000ce0        0xc ../NIOSII_bsp/\libhal_bsp.a(alt_icache_flush_all.o)
                0x02000ce0                alt_icache_flush_all
 .text          0x02000cec        0x8 ../NIOSII_bsp/\libhal_bsp.a(altera_nios2_qsys_irq.o)
                0x02000cec                altera_nios2_qsys_irq_init
 .text          0x02000cf4       0x38 ../NIOSII_bsp/\libhal_bsp.a(alt_icache_flush.o)
                0x02000cf4                alt_icache_flush
 *(.gnu.warning.*)
 *(.fini)
                0x02000d2c                PROVIDE (__etext, ABSOLUTE (.))
                0x02000d2c                PROVIDE (_etext, ABSOLUTE (.))
                0x02000d2c                PROVIDE (etext, ABSOLUTE (.))
 *(.eh_frame_hdr)
                0x02000d2c                . = ALIGN (0x4)
                0x02000d2c                PROVIDE (__preinit_array_start, ABSOLUTE (.))
 *(.preinit_array)
                0x02000d2c                PROVIDE (__preinit_array_end, ABSOLUTE (.))
                0x02000d2c                PROVIDE (__init_array_start, ABSOLUTE (.))
 *(.init_array)
                0x02000d2c                PROVIDE (__init_array_end, ABSOLUTE (.))
                0x02000d2c                PROVIDE (__fini_array_start, ABSOLUTE (.))
 *(.fini_array)
                0x02000d2c                PROVIDE (__fini_array_end, ABSOLUTE (.))
 *(.eh_frame)
 *(.gcc_except_table)
 *(.dynamic)
                0x02000d2c                PROVIDE (__CTOR_LIST__, ABSOLUTE (.))
 *(.ctors)
 *(SORT(.ctors.*))
                0x02000d2c                PROVIDE (__CTOR_END__, ABSOLUTE (.))
                0x02000d2c                PROVIDE (__DTOR_LIST__, ABSOLUTE (.))
 *(.dtors)
 *(SORT(.dtors.*))
                0x02000d2c                PROVIDE (__DTOR_END__, ABSOLUTE (.))
 *(.jcr)
                0x02000d2c                . = ALIGN (0x4)

.rodata         0x02000d2c        0xc
                0x02000d2c                PROVIDE (__ram_rodata_start, ABSOLUTE (.))
                0x02000d2c                . = ALIGN (0x4)
 *(.rodata .rodata.* .gnu.linkonce.r.*)
 .rodata.str1.4
                0x02000d2c        0xc obj/default/hello_world_small.o
 *(.rodata1)
                0x02000d38                . = ALIGN (0x4)
                0x02000d38                PROVIDE (__ram_rodata_end, ABSOLUTE (.))
                0x02000d2c                PROVIDE (__flash_rodata_start, LOADADDR (.rodata))

.rwdata         0x02000d38       0xf4 load address 0x02000e2c
                0x02000d38                PROVIDE (__ram_rwdata_start, ABSOLUTE (.))
                0x02000d38                . = ALIGN (0x4)
 *(.got.plt)
 *(.got)
 *(.data1)
 *(.data .data.* .gnu.linkonce.d.*)
 .data          0x02000d38        0x0 ../NIOSII_bsp//obj/HAL/src/crt0.o
 .data          0x02000d38        0x0 obj/default/hello_world_small.o
 .data          0x02000d38        0x0 c:/altera/13.0sp1/nios2eds/bin/gnu/h-i686-mingw32/bin/../lib/gcc/nios2-elf/4.1.2/../../../../nios2-elf/lib\libsmallc.a(lib_a-printf.o)
 .data          0x02000d38        0x0 c:/altera/13.0sp1/nios2eds/bin/gnu/h-i686-mingw32/bin/../lib/gcc/nios2-elf/4.1.2/../../../../nios2-elf/lib\libsmallc.a(lib_a-vfprintf.o)
 .data          0x02000d38        0x0 c:/altera/13.0sp1/nios2eds/bin/gnu/h-i686-mingw32/bin/../lib/gcc/nios2-elf/4.1.2/../../../../nios2-elf/lib\libsmallc.a(lib_a-fvwrite_small_dev.o)
 .data          0x02000d38       0xe0 c:/altera/13.0sp1/nios2eds/bin/gnu/h-i686-mingw32/bin/../lib/gcc/nios2-elf/4.1.2/../../../../nios2-elf/lib\libsmallc.a(lib_a-impure.o)
 .data          0x02000e18        0x0 c:/altera/13.0sp1/nios2eds/bin/gnu/h-i686-mingw32/bin/../lib/gcc/nios2-elf/4.1.2/../../../../nios2-elf/lib\libsmallc.a(lib_a-strlen.o)
 .data          0x02000e18        0x0 c:/altera/13.0sp1/nios2eds/bin/gnu/h-i686-mingw32/bin/../lib/gcc/nios2-elf/4.1.2/../../../../nios2-elf/lib\libsmallc.a(lib_a-writer.o)
 .data          0x02000e18        0x0 c:/altera/13.0sp1/nios2eds/bin/gnu/h-i686-mingw32/bin/../lib/gcc/nios2-elf/4.1.2/../../../../nios2-elf/lib\libsmallc.a(lib_a-int_errno.o)
 .data          0x02000e18        0x0 c:/altera/13.0sp1/nios2eds/bin/gnu/h-i686-mingw32/bin/../lib/gcc/nios2-elf/4.1.2\libgcc.a(lib2-divmod.o)
 .data          0x02000e18        0x0 ../NIOSII_bsp/\libhal_bsp.a(alt_load.o)
 .data          0x02000e18        0x0 ../NIOSII_bsp/\libhal_bsp.a(alt_main.o)
 .data          0x02000e18        0x0 ../NIOSII_bsp/\libhal_bsp.a(alt_usleep.o)
 .data          0x02000e18        0x0 ../NIOSII_bsp/\libhal_bsp.a(alt_write.o)
 .data          0x02000e18        0x0 ../NIOSII_bsp/\libhal_bsp.a(alt_sys_init.o)
 .data          0x02000e18        0x0 ../NIOSII_bsp/\libhal_bsp.a(altera_avalon_jtag_uart_write.o)
 .data          0x02000e18        0x0 ../NIOSII_bsp/\libhal_bsp.a(alt_busy_sleep.o)
 .data          0x02000e18        0x0 ../NIOSII_bsp/\libhal_bsp.a(alt_dcache_flush_all.o)
 .data          0x02000e18        0x0 ../NIOSII_bsp/\libhal_bsp.a(alt_errno.o)
 .data          0x02000e18        0x0 ../NIOSII_bsp/\libhal_bsp.a(alt_icache_flush_all.o)
 .data          0x02000e18        0x0 ../NIOSII_bsp/\libhal_bsp.a(altera_nios2_qsys_irq.o)
 .data          0x02000e18        0x0 ../NIOSII_bsp/\libhal_bsp.a(alt_icache_flush.o)
                0x02008e18                _gp = ABSOLUTE ((. + 0x8000))
                0x02008e18                PROVIDE (gp, _gp)
 *(.rwdata .rwdata.*)
 *(.sdata .sdata.* .gnu.linkonce.s.*)
 .sdata         0x02000e18        0x8 c:/altera/13.0sp1/nios2eds/bin/gnu/h-i686-mingw32/bin/../lib/gcc/nios2-elf/4.1.2/../../../../nios2-elf/lib\libsmallc.a(lib_a-impure.o)
                0x02000e18                _impure_ptr
                0x02000e1c                _global_impure_ptr
 .sdata         0x02000e20        0x8 ../NIOSII_bsp/\libhal_bsp.a(alt_sys_init.o)
                0x02000e20                jtag_uart
                0x02000e24                uart_0
 .sdata         0x02000e28        0x4 ../NIOSII_bsp/\libhal_bsp.a(alt_errno.o)
                0x02000e28                alt_errno
 *(.sdata2 .sdata2.* .gnu.linkonce.s2.*)
                0x02000e2c                . = ALIGN (0x4)
                0x02000e2c                _edata = ABSOLUTE (.)
                0x02000e2c                PROVIDE (edata, ABSOLUTE (.))
                0x02000e2c                PROVIDE (__ram_rwdata_end, ABSOLUTE (.))
                0x02000e2c                PROVIDE (__flash_rwdata_start, LOADADDR (.rwdata))

.bss            0x02000f20       0x10
                0x02000f20                __bss_start = ABSOLUTE (.)
                0x02000f20                PROVIDE (__sbss_start, ABSOLUTE (.))
                0x02000f20                PROVIDE (___sbss_start, ABSOLUTE (.))
 *(.dynsbss)
 *(.sbss .sbss.* .gnu.linkonce.sb.*)
 .sbss          0x02000f20        0x4 c:/altera/13.0sp1/nios2eds/bin/gnu/h-i686-mingw32/bin/../lib/gcc/nios2-elf/4.1.2/../../../../nios2-elf/lib\libsmallc.a(lib_a-int_errno.o)
                0x02000f20                errno
 .sbss          0x02000f24        0xc ../NIOSII_bsp/\libhal_bsp.a(alt_main.o)
                0x02000f24                alt_argc
                0x02000f28                alt_argv
                0x02000f2c                alt_envp
 *(.sbss2 .sbss2.* .gnu.linkonce.sb2.*)
 *(.scommon)
                0x02000f30                PROVIDE (__sbss_end, ABSOLUTE (.))
                0x02000f30                PROVIDE (___sbss_end, ABSOLUTE (.))
 *(.dynbss)
 *(.bss .bss.* .gnu.linkonce.b.*)
 .bss           0x02000f30        0x0 ../NIOSII_bsp//obj/HAL/src/crt0.o
 .bss           0x02000f30        0x0 obj/default/hello_world_small.o
 .bss           0x02000f30        0x0 c:/altera/13.0sp1/nios2eds/bin/gnu/h-i686-mingw32/bin/../lib/gcc/nios2-elf/4.1.2/../../../../nios2-elf/lib\libsmallc.a(lib_a-printf.o)
 .bss           0x02000f30        0x0 c:/altera/13.0sp1/nios2eds/bin/gnu/h-i686-mingw32/bin/../lib/gcc/nios2-elf/4.1.2/../../../../nios2-elf/lib\libsmallc.a(lib_a-vfprintf.o)
 .bss           0x02000f30        0x0 c:/altera/13.0sp1/nios2eds/bin/gnu/h-i686-mingw32/bin/../lib/gcc/nios2-elf/4.1.2/../../../../nios2-elf/lib\libsmallc.a(lib_a-fvwrite_small_dev.o)
 .bss           0x02000f30        0x0 c:/altera/13.0sp1/nios2eds/bin/gnu/h-i686-mingw32/bin/../lib/gcc/nios2-elf/4.1.2/../../../../nios2-elf/lib\libsmallc.a(lib_a-impure.o)
 .bss           0x02000f30        0x0 c:/altera/13.0sp1/nios2eds/bin/gnu/h-i686-mingw32/bin/../lib/gcc/nios2-elf/4.1.2/../../../../nios2-elf/lib\libsmallc.a(lib_a-strlen.o)
 .bss           0x02000f30        0x0 c:/altera/13.0sp1/nios2eds/bin/gnu/h-i686-mingw32/bin/../lib/gcc/nios2-elf/4.1.2/../../../../nios2-elf/lib\libsmallc.a(lib_a-writer.o)
 .bss           0x02000f30        0x0 c:/altera/13.0sp1/nios2eds/bin/gnu/h-i686-mingw32/bin/../lib/gcc/nios2-elf/4.1.2/../../../../nios2-elf/lib\libsmallc.a(lib_a-int_errno.o)
 .bss           0x02000f30        0x0 c:/altera/13.0sp1/nios2eds/bin/gnu/h-i686-mingw32/bin/../lib/gcc/nios2-elf/4.1.2\libgcc.a(lib2-divmod.o)
 .bss           0x02000f30        0x0 ../NIOSII_bsp/\libhal_bsp.a(alt_load.o)
 .bss           0x02000f30        0x0 ../NIOSII_bsp/\libhal_bsp.a(alt_main.o)
 .bss           0x02000f30        0x0 ../NIOSII_bsp/\libhal_bsp.a(alt_usleep.o)
 .bss           0x02000f30        0x0 ../NIOSII_bsp/\libhal_bsp.a(alt_write.o)
 .bss           0x02000f30        0x0 ../NIOSII_bsp/\libhal_bsp.a(alt_sys_init.o)
 .bss           0x02000f30        0x0 ../NIOSII_bsp/\libhal_bsp.a(altera_avalon_jtag_uart_write.o)
 .bss           0x02000f30        0x0 ../NIOSII_bsp/\libhal_bsp.a(alt_busy_sleep.o)
 .bss           0x02000f30        0x0 ../NIOSII_bsp/\libhal_bsp.a(alt_dcache_flush_all.o)
 .bss           0x02000f30        0x0 ../NIOSII_bsp/\libhal_bsp.a(alt_errno.o)
 .bss           0x02000f30        0x0 ../NIOSII_bsp/\libhal_bsp.a(alt_icache_flush_all.o)
 .bss           0x02000f30        0x0 ../NIOSII_bsp/\libhal_bsp.a(altera_nios2_qsys_irq.o)
 .bss           0x02000f30        0x0 ../NIOSII_bsp/\libhal_bsp.a(alt_icache_flush.o)
 *(COMMON)
                0x02000f30                . = ALIGN (0x4)
                0x02000f30                __bss_end = ABSOLUTE (.)

.sdram          0x02000f30        0x0
                0x02000f30                PROVIDE (_alt_partition_sdram_start, ABSOLUTE (.))
 *(.sdram. sdram.*)
                0x02000f30                . = ALIGN (0x4)
                0x02000f30                PROVIDE (_alt_partition_sdram_end, ABSOLUTE (.))
                0x02000f30                _end = ABSOLUTE (.)
                0x02000f30                end = ABSOLUTE (.)
                0x02000f30                __alt_stack_base = ABSOLUTE (.)
                0x02000f30                PROVIDE (_alt_partition_sdram_load_addr, LOADADDR (.sdram))

.onchip_memory2
                0x04008000        0x0 load address 0x02000f30
                0x04008000                PROVIDE (_alt_partition_onchip_memory2_start, ABSOLUTE (.))
 *(.onchip_memory2. onchip_memory2.*)
                0x04008000                . = ALIGN (0x4)
                0x04008000                PROVIDE (_alt_partition_onchip_memory2_end, ABSOLUTE (.))
                0x02000f30                PROVIDE (_alt_partition_onchip_memory2_load_addr, LOADADDR (.onchip_memory2))

.stab
 *(.stab)

.stabstr
 *(.stabstr)

.stab.excl
 *(.stab.excl)

.stab.exclstr
 *(.stab.exclstr)

.stab.index
 *(.stab.index)

.stab.indexstr
 *(.stab.indexstr)

.comment        0x00000000       0x26
 *(.comment)
 .comment       0x00000000       0x26 obj/default/hello_world_small.o
                                 0x27 (size before relaxing)
 .comment       0x00000000       0x27 c:/altera/13.0sp1/nios2eds/bin/gnu/h-i686-mingw32/bin/../lib/gcc/nios2-elf/4.1.2/../../../../nios2-elf/lib\libsmallc.a(lib_a-printf.o)
 .comment       0x00000000       0x27 c:/altera/13.0sp1/nios2eds/bin/gnu/h-i686-mingw32/bin/../lib/gcc/nios2-elf/4.1.2/../../../../nios2-elf/lib\libsmallc.a(lib_a-vfprintf.o)
 .comment       0x00000000       0x27 c:/altera/13.0sp1/nios2eds/bin/gnu/h-i686-mingw32/bin/../lib/gcc/nios2-elf/4.1.2/../../../../nios2-elf/lib\libsmallc.a(lib_a-fvwrite_small_dev.o)
 .comment       0x00000000       0x27 c:/altera/13.0sp1/nios2eds/bin/gnu/h-i686-mingw32/bin/../lib/gcc/nios2-elf/4.1.2/../../../../nios2-elf/lib\libsmallc.a(lib_a-impure.o)
 .comment       0x00000000       0x27 c:/altera/13.0sp1/nios2eds/bin/gnu/h-i686-mingw32/bin/../lib/gcc/nios2-elf/4.1.2/../../../../nios2-elf/lib\libsmallc.a(lib_a-strlen.o)
 .comment       0x00000000       0x27 c:/altera/13.0sp1/nios2eds/bin/gnu/h-i686-mingw32/bin/../lib/gcc/nios2-elf/4.1.2/../../../../nios2-elf/lib\libsmallc.a(lib_a-writer.o)
 .comment       0x00000000       0x27 c:/altera/13.0sp1/nios2eds/bin/gnu/h-i686-mingw32/bin/../lib/gcc/nios2-elf/4.1.2/../../../../nios2-elf/lib\libsmallc.a(lib_a-int_errno.o)
 .comment       0x00000000       0x27 c:/altera/13.0sp1/nios2eds/bin/gnu/h-i686-mingw32/bin/../lib/gcc/nios2-elf/4.1.2\libgcc.a(lib2-divmod.o)
 .comment       0x00000000       0x27 ../NIOSII_bsp/\libhal_bsp.a(alt_load.o)
 .comment       0x00000000       0x27 ../NIOSII_bsp/\libhal_bsp.a(alt_main.o)
 .comment       0x00000000       0x27 ../NIOSII_bsp/\libhal_bsp.a(alt_usleep.o)
 .comment       0x00000000       0x27 ../NIOSII_bsp/\libhal_bsp.a(alt_write.o)
 .comment       0x00000000       0x27 ../NIOSII_bsp/\libhal_bsp.a(alt_sys_init.o)
 .comment       0x00000000       0x27 ../NIOSII_bsp/\libhal_bsp.a(altera_avalon_jtag_uart_write.o)
 .comment       0x00000000       0x27 ../NIOSII_bsp/\libhal_bsp.a(alt_busy_sleep.o)
 .comment       0x00000000       0x27 ../NIOSII_bsp/\libhal_bsp.a(alt_dcache_flush_all.o)
 .comment       0x00000000       0x27 ../NIOSII_bsp/\libhal_bsp.a(alt_errno.o)
 .comment       0x00000000       0x27 ../NIOSII_bsp/\libhal_bsp.a(alt_icache_flush_all.o)
 .comment       0x00000000       0x27 ../NIOSII_bsp/\libhal_bsp.a(altera_nios2_qsys_irq.o)
 .comment       0x00000000       0x27 ../NIOSII_bsp/\libhal_bsp.a(alt_icache_flush.o)

.debug
 *(.debug)

.line
 *(.line)

.debug_srcinfo
 *(.debug_srcinfo)

.debug_sfnames
 *(.debug_sfnames)

.debug_aranges  0x00000000      0x268
 *(.debug_aranges)
 .debug_aranges
                0x00000000       0x28 ../NIOSII_bsp//obj/HAL/src/crt0.o
 .debug_aranges
                0x00000028       0x20 obj/default/hello_world_small.o
 .debug_aranges
                0x00000048       0x20 c:/altera/13.0sp1/nios2eds/bin/gnu/h-i686-mingw32/bin/../lib/gcc/nios2-elf/4.1.2/../../../../nios2-elf/lib\libsmallc.a(lib_a-printf.o)
 .debug_aranges
                0x00000068       0x20 c:/altera/13.0sp1/nios2eds/bin/gnu/h-i686-mingw32/bin/../lib/gcc/nios2-elf/4.1.2/../../../../nios2-elf/lib\libsmallc.a(lib_a-vfprintf.o)
 .debug_aranges
                0x00000088       0x20 c:/altera/13.0sp1/nios2eds/bin/gnu/h-i686-mingw32/bin/../lib/gcc/nios2-elf/4.1.2/../../../../nios2-elf/lib\libsmallc.a(lib_a-fvwrite_small_dev.o)
 .debug_aranges
                0x000000a8       0x20 c:/altera/13.0sp1/nios2eds/bin/gnu/h-i686-mingw32/bin/../lib/gcc/nios2-elf/4.1.2/../../../../nios2-elf/lib\libsmallc.a(lib_a-strlen.o)
 .debug_aranges
                0x000000c8       0x20 c:/altera/13.0sp1/nios2eds/bin/gnu/h-i686-mingw32/bin/../lib/gcc/nios2-elf/4.1.2/../../../../nios2-elf/lib\libsmallc.a(lib_a-writer.o)
 .debug_aranges
                0x000000e8       0x20 c:/altera/13.0sp1/nios2eds/bin/gnu/h-i686-mingw32/bin/../lib/gcc/nios2-elf/4.1.2\libgcc.a(lib2-divmod.o)
 .debug_aranges
                0x00000108       0x20 ../NIOSII_bsp/\libhal_bsp.a(alt_load.o)
 .debug_aranges
                0x00000128       0x20 ../NIOSII_bsp/\libhal_bsp.a(alt_main.o)
 .debug_aranges
                0x00000148       0x20 ../NIOSII_bsp/\libhal_bsp.a(alt_usleep.o)
 .debug_aranges
                0x00000168       0x20 ../NIOSII_bsp/\libhal_bsp.a(alt_write.o)
 .debug_aranges
                0x00000188       0x20 ../NIOSII_bsp/\libhal_bsp.a(alt_sys_init.o)
 .debug_aranges
                0x000001a8       0x20 ../NIOSII_bsp/\libhal_bsp.a(altera_avalon_jtag_uart_write.o)
 .debug_aranges
                0x000001c8       0x20 ../NIOSII_bsp/\libhal_bsp.a(alt_busy_sleep.o)
 .debug_aranges
                0x000001e8       0x20 ../NIOSII_bsp/\libhal_bsp.a(alt_dcache_flush_all.o)
 .debug_aranges
                0x00000208       0x20 ../NIOSII_bsp/\libhal_bsp.a(alt_icache_flush_all.o)
 .debug_aranges
                0x00000228       0x20 ../NIOSII_bsp/\libhal_bsp.a(altera_nios2_qsys_irq.o)
 .debug_aranges
                0x00000248       0x20 ../NIOSII_bsp/\libhal_bsp.a(alt_icache_flush.o)

.debug_pubnames
                0x00000000      0x3a1
 *(.debug_pubnames)
 .debug_pubnames
                0x00000000       0x1b obj/default/hello_world_small.o
 .debug_pubnames
                0x0000001b       0x2b c:/altera/13.0sp1/nios2eds/bin/gnu/h-i686-mingw32/bin/../lib/gcc/nios2-elf/4.1.2/../../../../nios2-elf/lib\libsmallc.a(lib_a-printf.o)
 .debug_pubnames
                0x00000046       0x45 c:/altera/13.0sp1/nios2eds/bin/gnu/h-i686-mingw32/bin/../lib/gcc/nios2-elf/4.1.2/../../../../nios2-elf/lib\libsmallc.a(lib_a-vfprintf.o)
 .debug_pubnames
                0x0000008b       0x2b c:/altera/13.0sp1/nios2eds/bin/gnu/h-i686-mingw32/bin/../lib/gcc/nios2-elf/4.1.2/../../../../nios2-elf/lib\libsmallc.a(lib_a-fvwrite_small_dev.o)
 .debug_pubnames
                0x000000b6       0x39 c:/altera/13.0sp1/nios2eds/bin/gnu/h-i686-mingw32/bin/../lib/gcc/nios2-elf/4.1.2/../../../../nios2-elf/lib\libsmallc.a(lib_a-impure.o)
 .debug_pubnames
                0x000000ef       0x1d c:/altera/13.0sp1/nios2eds/bin/gnu/h-i686-mingw32/bin/../lib/gcc/nios2-elf/4.1.2/../../../../nios2-elf/lib\libsmallc.a(lib_a-strlen.o)
 .debug_pubnames
                0x0000010c       0x1f c:/altera/13.0sp1/nios2eds/bin/gnu/h-i686-mingw32/bin/../lib/gcc/nios2-elf/4.1.2/../../../../nios2-elf/lib\libsmallc.a(lib_a-writer.o)
 .debug_pubnames
                0x0000012b       0x1c c:/altera/13.0sp1/nios2eds/bin/gnu/h-i686-mingw32/bin/../lib/gcc/nios2-elf/4.1.2/../../../../nios2-elf/lib\libsmallc.a(lib_a-int_errno.o)
 .debug_pubnames
                0x00000147       0x48 c:/altera/13.0sp1/nios2eds/bin/gnu/h-i686-mingw32/bin/../lib/gcc/nios2-elf/4.1.2\libgcc.a(lib2-divmod.o)
 .debug_pubnames
                0x0000018f       0x1f ../NIOSII_bsp/\libhal_bsp.a(alt_load.o)
 .debug_pubnames
                0x000001ae       0x46 ../NIOSII_bsp/\libhal_bsp.a(alt_main.o)
 .debug_pubnames
                0x000001f4       0x1d ../NIOSII_bsp/\libhal_bsp.a(alt_usleep.o)
 .debug_pubnames
                0x00000211       0x1c ../NIOSII_bsp/\libhal_bsp.a(alt_write.o)
 .debug_pubnames
                0x0000022d       0x4d ../NIOSII_bsp/\libhal_bsp.a(alt_sys_init.o)
 .debug_pubnames
                0x0000027a       0x34 ../NIOSII_bsp/\libhal_bsp.a(altera_avalon_jtag_uart_write.o)
 .debug_pubnames
                0x000002ae       0x25 ../NIOSII_bsp/\libhal_bsp.a(alt_busy_sleep.o)
 .debug_pubnames
                0x000002d3       0x2b ../NIOSII_bsp/\libhal_bsp.a(alt_dcache_flush_all.o)
 .debug_pubnames
                0x000002fe       0x20 ../NIOSII_bsp/\libhal_bsp.a(alt_errno.o)
 .debug_pubnames
                0x0000031e       0x2b ../NIOSII_bsp/\libhal_bsp.a(alt_icache_flush_all.o)
 .debug_pubnames
                0x00000349       0x31 ../NIOSII_bsp/\libhal_bsp.a(altera_nios2_qsys_irq.o)
 .debug_pubnames
                0x0000037a       0x27 ../NIOSII_bsp/\libhal_bsp.a(alt_icache_flush.o)

.debug_info     0x00000000     0x3444
 *(.debug_info .gnu.linkonce.wi.*)
 .debug_info    0x00000000       0x9e ../NIOSII_bsp//obj/HAL/src/crt0.o
 .debug_info    0x0000009e       0xab obj/default/hello_world_small.o
 .debug_info    0x00000149      0x6c8 c:/altera/13.0sp1/nios2eds/bin/gnu/h-i686-mingw32/bin/../lib/gcc/nios2-elf/4.1.2/../../../../nios2-elf/lib\libsmallc.a(lib_a-printf.o)
 .debug_info    0x00000811      0x9b5 c:/altera/13.0sp1/nios2eds/bin/gnu/h-i686-mingw32/bin/../lib/gcc/nios2-elf/4.1.2/../../../../nios2-elf/lib\libsmallc.a(lib_a-vfprintf.o)
 .debug_info    0x000011c6      0x68e c:/altera/13.0sp1/nios2eds/bin/gnu/h-i686-mingw32/bin/../lib/gcc/nios2-elf/4.1.2/../../../../nios2-elf/lib\libsmallc.a(lib_a-fvwrite_small_dev.o)
 .debug_info    0x00001854      0x636 c:/altera/13.0sp1/nios2eds/bin/gnu/h-i686-mingw32/bin/../lib/gcc/nios2-elf/4.1.2/../../../../nios2-elf/lib\libsmallc.a(lib_a-impure.o)
 .debug_info    0x00001e8a       0xc2 c:/altera/13.0sp1/nios2eds/bin/gnu/h-i686-mingw32/bin/../lib/gcc/nios2-elf/4.1.2/../../../../nios2-elf/lib\libsmallc.a(lib_a-strlen.o)
 .debug_info    0x00001f4c      0x68c c:/altera/13.0sp1/nios2eds/bin/gnu/h-i686-mingw32/bin/../lib/gcc/nios2-elf/4.1.2/../../../../nios2-elf/lib\libsmallc.a(lib_a-writer.o)
 .debug_info    0x000025d8       0x8c c:/altera/13.0sp1/nios2eds/bin/gnu/h-i686-mingw32/bin/../lib/gcc/nios2-elf/4.1.2/../../../../nios2-elf/lib\libsmallc.a(lib_a-int_errno.o)
 .debug_info    0x00002664      0x21c c:/altera/13.0sp1/nios2eds/bin/gnu/h-i686-mingw32/bin/../lib/gcc/nios2-elf/4.1.2\libgcc.a(lib2-divmod.o)
 .debug_info    0x00002880      0x12e ../NIOSII_bsp/\libhal_bsp.a(alt_load.o)
 .debug_info    0x000029ae      0x125 ../NIOSII_bsp/\libhal_bsp.a(alt_main.o)
 .debug_info    0x00002ad3       0xab ../NIOSII_bsp/\libhal_bsp.a(alt_usleep.o)
 .debug_info    0x00002b7e      0x179 ../NIOSII_bsp/\libhal_bsp.a(alt_write.o)
 .debug_info    0x00002cf7      0x1b5 ../NIOSII_bsp/\libhal_bsp.a(alt_sys_init.o)
 .debug_info    0x00002eac      0x18f ../NIOSII_bsp/\libhal_bsp.a(altera_avalon_jtag_uart_write.o)
 .debug_info    0x0000303b       0xd0 ../NIOSII_bsp/\libhal_bsp.a(alt_busy_sleep.o)
 .debug_info    0x0000310b       0x9f ../NIOSII_bsp/\libhal_bsp.a(alt_dcache_flush_all.o)
 .debug_info    0x000031aa       0xab ../NIOSII_bsp/\libhal_bsp.a(alt_errno.o)
 .debug_info    0x00003255       0x8d ../NIOSII_bsp/\libhal_bsp.a(alt_icache_flush_all.o)
 .debug_info    0x000032e2       0x8d ../NIOSII_bsp/\libhal_bsp.a(altera_nios2_qsys_irq.o)
 .debug_info    0x0000336f       0xd5 ../NIOSII_bsp/\libhal_bsp.a(alt_icache_flush.o)

.debug_abbrev   0x00000000     0x1081
 *(.debug_abbrev)
 .debug_abbrev  0x00000000       0x12 ../NIOSII_bsp//obj/HAL/src/crt0.o
 .debug_abbrev  0x00000012       0x5b obj/default/hello_world_small.o
 .debug_abbrev  0x0000006d      0x179 c:/altera/13.0sp1/nios2eds/bin/gnu/h-i686-mingw32/bin/../lib/gcc/nios2-elf/4.1.2/../../../../nios2-elf/lib\libsmallc.a(lib_a-printf.o)
 .debug_abbrev  0x000001e6      0x263 c:/altera/13.0sp1/nios2eds/bin/gnu/h-i686-mingw32/bin/../lib/gcc/nios2-elf/4.1.2/../../../../nios2-elf/lib\libsmallc.a(lib_a-vfprintf.o)
 .debug_abbrev  0x00000449      0x179 c:/altera/13.0sp1/nios2eds/bin/gnu/h-i686-mingw32/bin/../lib/gcc/nios2-elf/4.1.2/../../../../nios2-elf/lib\libsmallc.a(lib_a-fvwrite_small_dev.o)
 .debug_abbrev  0x000005c2      0x13f c:/altera/13.0sp1/nios2eds/bin/gnu/h-i686-mingw32/bin/../lib/gcc/nios2-elf/4.1.2/../../../../nios2-elf/lib\libsmallc.a(lib_a-impure.o)
 .debug_abbrev  0x00000701       0x7a c:/altera/13.0sp1/nios2eds/bin/gnu/h-i686-mingw32/bin/../lib/gcc/nios2-elf/4.1.2/../../../../nios2-elf/lib\libsmallc.a(lib_a-strlen.o)
 .debug_abbrev  0x0000077b      0x16c c:/altera/13.0sp1/nios2eds/bin/gnu/h-i686-mingw32/bin/../lib/gcc/nios2-elf/4.1.2/../../../../nios2-elf/lib\libsmallc.a(lib_a-writer.o)
 .debug_abbrev  0x000008e7       0x3b c:/altera/13.0sp1/nios2eds/bin/gnu/h-i686-mingw32/bin/../lib/gcc/nios2-elf/4.1.2/../../../../nios2-elf/lib\libsmallc.a(lib_a-int_errno.o)
 .debug_abbrev  0x00000922       0xe0 c:/altera/13.0sp1/nios2eds/bin/gnu/h-i686-mingw32/bin/../lib/gcc/nios2-elf/4.1.2\libgcc.a(lib2-divmod.o)
 .debug_abbrev  0x00000a02       0x97 ../NIOSII_bsp/\libhal_bsp.a(alt_load.o)
 .debug_abbrev  0x00000a99       0xa6 ../NIOSII_bsp/\libhal_bsp.a(alt_main.o)
 .debug_abbrev  0x00000b3f       0x5d ../NIOSII_bsp/\libhal_bsp.a(alt_usleep.o)
 .debug_abbrev  0x00000b9c       0xdd ../NIOSII_bsp/\libhal_bsp.a(alt_write.o)
 .debug_abbrev  0x00000c79       0xe3 ../NIOSII_bsp/\libhal_bsp.a(alt_sys_init.o)
 .debug_abbrev  0x00000d5c       0xf0 ../NIOSII_bsp/\libhal_bsp.a(altera_avalon_jtag_uart_write.o)
 .debug_abbrev  0x00000e4c       0x79 ../NIOSII_bsp/\libhal_bsp.a(alt_busy_sleep.o)
 .debug_abbrev  0x00000ec5       0x57 ../NIOSII_bsp/\libhal_bsp.a(alt_dcache_flush_all.o)
 .debug_abbrev  0x00000f1c       0x5e ../NIOSII_bsp/\libhal_bsp.a(alt_errno.o)
 .debug_abbrev  0x00000f7a       0x3f ../NIOSII_bsp/\libhal_bsp.a(alt_icache_flush_all.o)
 .debug_abbrev  0x00000fb9       0x3f ../NIOSII_bsp/\libhal_bsp.a(altera_nios2_qsys_irq.o)
 .debug_abbrev  0x00000ff8       0x89 ../NIOSII_bsp/\libhal_bsp.a(alt_icache_flush.o)

.debug_line     0x00000000     0x33ea
 *(.debug_line)
 .debug_line    0x00000000       0x72 ../NIOSII_bsp//obj/HAL/src/crt0.o
 .debug_line    0x00000072      0x220 obj/default/hello_world_small.o
 .debug_line    0x00000292      0x2bb c:/altera/13.0sp1/nios2eds/bin/gnu/h-i686-mingw32/bin/../lib/gcc/nios2-elf/4.1.2/../../../../nios2-elf/lib\libsmallc.a(lib_a-printf.o)
 .debug_line    0x0000054d      0x62c c:/altera/13.0sp1/nios2eds/bin/gnu/h-i686-mingw32/bin/../lib/gcc/nios2-elf/4.1.2/../../../../nios2-elf/lib\libsmallc.a(lib_a-vfprintf.o)
 .debug_line    0x00000b79      0x2a6 c:/altera/13.0sp1/nios2eds/bin/gnu/h-i686-mingw32/bin/../lib/gcc/nios2-elf/4.1.2/../../../../nios2-elf/lib\libsmallc.a(lib_a-fvwrite_small_dev.o)
 .debug_line    0x00000e1f      0x22d c:/altera/13.0sp1/nios2eds/bin/gnu/h-i686-mingw32/bin/../lib/gcc/nios2-elf/4.1.2/../../../../nios2-elf/lib\libsmallc.a(lib_a-impure.o)
 .debug_line    0x0000104c      0x24d c:/altera/13.0sp1/nios2eds/bin/gnu/h-i686-mingw32/bin/../lib/gcc/nios2-elf/4.1.2/../../../../nios2-elf/lib\libsmallc.a(lib_a-strlen.o)
 .debug_line    0x00001299      0x29a c:/altera/13.0sp1/nios2eds/bin/gnu/h-i686-mingw32/bin/../lib/gcc/nios2-elf/4.1.2/../../../../nios2-elf/lib\libsmallc.a(lib_a-writer.o)
 .debug_line    0x00001533      0x1df c:/altera/13.0sp1/nios2eds/bin/gnu/h-i686-mingw32/bin/../lib/gcc/nios2-elf/4.1.2/../../../../nios2-elf/lib\libsmallc.a(lib_a-int_errno.o)
 .debug_line    0x00001712      0x24f c:/altera/13.0sp1/nios2eds/bin/gnu/h-i686-mingw32/bin/../lib/gcc/nios2-elf/4.1.2\libgcc.a(lib2-divmod.o)
 .debug_line    0x00001961      0x217 ../NIOSII_bsp/\libhal_bsp.a(alt_load.o)
 .debug_line    0x00001b78      0x2c2 ../NIOSII_bsp/\libhal_bsp.a(alt_main.o)
 .debug_line    0x00001e3a      0x202 ../NIOSII_bsp/\libhal_bsp.a(alt_usleep.o)
 .debug_line    0x0000203c      0x2ab ../NIOSII_bsp/\libhal_bsp.a(alt_write.o)
 .debug_line    0x000022e7      0x2c6 ../NIOSII_bsp/\libhal_bsp.a(alt_sys_init.o)
 .debug_line    0x000025ad      0x2f4 ../NIOSII_bsp/\libhal_bsp.a(altera_avalon_jtag_uart_write.o)
 .debug_line    0x000028a1      0x25e ../NIOSII_bsp/\libhal_bsp.a(alt_busy_sleep.o)
 .debug_line    0x00002aff      0x1cd ../NIOSII_bsp/\libhal_bsp.a(alt_dcache_flush_all.o)
 .debug_line    0x00002ccc      0x1aa ../NIOSII_bsp/\libhal_bsp.a(alt_errno.o)
 .debug_line    0x00002e76      0x1c5 ../NIOSII_bsp/\libhal_bsp.a(alt_icache_flush_all.o)
 .debug_line    0x0000303b      0x1ce ../NIOSII_bsp/\libhal_bsp.a(altera_nios2_qsys_irq.o)
 .debug_line    0x00003209      0x1e1 ../NIOSII_bsp/\libhal_bsp.a(alt_icache_flush.o)

.debug_frame    0x00000000      0x360
 *(.debug_frame)
 .debug_frame   0x00000000       0x28 obj/default/hello_world_small.o
 .debug_frame   0x00000028       0x40 c:/altera/13.0sp1/nios2eds/bin/gnu/h-i686-mingw32/bin/../lib/gcc/nios2-elf/4.1.2/../../../../nios2-elf/lib\libsmallc.a(lib_a-printf.o)
 .debug_frame   0x00000068       0x64 c:/altera/13.0sp1/nios2eds/bin/gnu/h-i686-mingw32/bin/../lib/gcc/nios2-elf/4.1.2/../../../../nios2-elf/lib\libsmallc.a(lib_a-vfprintf.o)
 .debug_frame   0x000000cc       0x30 c:/altera/13.0sp1/nios2eds/bin/gnu/h-i686-mingw32/bin/../lib/gcc/nios2-elf/4.1.2/../../../../nios2-elf/lib\libsmallc.a(lib_a-fvwrite_small_dev.o)
 .debug_frame   0x000000fc       0x20 c:/altera/13.0sp1/nios2eds/bin/gnu/h-i686-mingw32/bin/../lib/gcc/nios2-elf/4.1.2/../../../../nios2-elf/lib\libsmallc.a(lib_a-strlen.o)
 .debug_frame   0x0000011c       0x2c c:/altera/13.0sp1/nios2eds/bin/gnu/h-i686-mingw32/bin/../lib/gcc/nios2-elf/4.1.2/../../../../nios2-elf/lib\libsmallc.a(lib_a-writer.o)
 .debug_frame   0x00000148       0x70 c:/altera/13.0sp1/nios2eds/bin/gnu/h-i686-mingw32/bin/../lib/gcc/nios2-elf/4.1.2\libgcc.a(lib2-divmod.o)
 .debug_frame   0x000001b8       0x38 ../NIOSII_bsp/\libhal_bsp.a(alt_load.o)
 .debug_frame   0x000001f0       0x28 ../NIOSII_bsp/\libhal_bsp.a(alt_main.o)
 .debug_frame   0x00000218       0x20 ../NIOSII_bsp/\libhal_bsp.a(alt_usleep.o)
 .debug_frame   0x00000238       0x28 ../NIOSII_bsp/\libhal_bsp.a(alt_write.o)
 .debug_frame   0x00000260       0x38 ../NIOSII_bsp/\libhal_bsp.a(alt_sys_init.o)
 .debug_frame   0x00000298       0x20 ../NIOSII_bsp/\libhal_bsp.a(altera_avalon_jtag_uart_write.o)
 .debug_frame   0x000002b8       0x28 ../NIOSII_bsp/\libhal_bsp.a(alt_busy_sleep.o)
 .debug_frame   0x000002e0       0x20 ../NIOSII_bsp/\libhal_bsp.a(alt_dcache_flush_all.o)
 .debug_frame   0x00000300       0x20 ../NIOSII_bsp/\libhal_bsp.a(alt_icache_flush_all.o)
 .debug_frame   0x00000320       0x20 ../NIOSII_bsp/\libhal_bsp.a(altera_nios2_qsys_irq.o)
 .debug_frame   0x00000340       0x20 ../NIOSII_bsp/\libhal_bsp.a(alt_icache_flush.o)

.debug_str      0x00000000      0xe0c
 *(.debug_str)
 .debug_str     0x00000000       0xdf obj/default/hello_world_small.o
                                0x123 (size before relaxing)
 .debug_str     0x000000df      0x395 c:/altera/13.0sp1/nios2eds/bin/gnu/h-i686-mingw32/bin/../lib/gcc/nios2-elf/4.1.2/../../../../nios2-elf/lib\libsmallc.a(lib_a-printf.o)
                                0x458 (size before relaxing)
 .debug_str     0x00000474      0x15f c:/altera/13.0sp1/nios2eds/bin/gnu/h-i686-mingw32/bin/../lib/gcc/nios2-elf/4.1.2/../../../../nios2-elf/lib\libsmallc.a(lib_a-vfprintf.o)
                                0x5a1 (size before relaxing)
 .debug_str     0x000005d3       0x6d c:/altera/13.0sp1/nios2eds/bin/gnu/h-i686-mingw32/bin/../lib/gcc/nios2-elf/4.1.2/../../../../nios2-elf/lib\libsmallc.a(lib_a-fvwrite_small_dev.o)
                                0x45c (size before relaxing)
 .debug_str     0x00000640       0xea c:/altera/13.0sp1/nios2eds/bin/gnu/h-i686-mingw32/bin/../lib/gcc/nios2-elf/4.1.2/../../../../nios2-elf/lib\libsmallc.a(lib_a-impure.o)
                                0x44f (size before relaxing)
 .debug_str     0x0000072a       0xd4 c:/altera/13.0sp1/nios2eds/bin/gnu/h-i686-mingw32/bin/../lib/gcc/nios2-elf/4.1.2/../../../../nios2-elf/lib\libsmallc.a(lib_a-strlen.o)
                                0x176 (size before relaxing)
 .debug_str     0x000007fe       0x4c c:/altera/13.0sp1/nios2eds/bin/gnu/h-i686-mingw32/bin/../lib/gcc/nios2-elf/4.1.2/../../../../nios2-elf/lib\libsmallc.a(lib_a-writer.o)
                                0x443 (size before relaxing)
 .debug_str     0x0000084a       0x3d c:/altera/13.0sp1/nios2eds/bin/gnu/h-i686-mingw32/bin/../lib/gcc/nios2-elf/4.1.2/../../../../nios2-elf/lib\libsmallc.a(lib_a-int_errno.o)
                                0x169 (size before relaxing)
 .debug_str     0x00000887      0x10b c:/altera/13.0sp1/nios2eds/bin/gnu/h-i686-mingw32/bin/../lib/gcc/nios2-elf/4.1.2\libgcc.a(lib2-divmod.o)
                                0x1b4 (size before relaxing)
 .debug_str     0x00000992      0x15e ../NIOSII_bsp/\libhal_bsp.a(alt_load.o)
                                0x1f3 (size before relaxing)
 .debug_str     0x00000af0       0x70 ../NIOSII_bsp/\libhal_bsp.a(alt_main.o)
                                0x177 (size before relaxing)
 .debug_str     0x00000b60       0x27 ../NIOSII_bsp/\libhal_bsp.a(alt_usleep.o)
                                0x129 (size before relaxing)
 .debug_str     0x00000b87       0x56 ../NIOSII_bsp/\libhal_bsp.a(alt_write.o)
                                0x1a1 (size before relaxing)
 .debug_str     0x00000bdd       0xc0 ../NIOSII_bsp/\libhal_bsp.a(alt_sys_init.o)
                                0x225 (size before relaxing)
 .debug_str     0x00000c9d       0x4a ../NIOSII_bsp/\libhal_bsp.a(altera_avalon_jtag_uart_write.o)
                                0x1ef (size before relaxing)
 .debug_str     0x00000ce7       0x42 ../NIOSII_bsp/\libhal_bsp.a(alt_busy_sleep.o)
                                0x14c (size before relaxing)
 .debug_str     0x00000d29       0x34 ../NIOSII_bsp/\libhal_bsp.a(alt_dcache_flush_all.o)
                                0x136 (size before relaxing)
 .debug_str     0x00000d5d       0x14 ../NIOSII_bsp/\libhal_bsp.a(alt_errno.o)
                                0x126 (size before relaxing)
 .debug_str     0x00000d71       0x34 ../NIOSII_bsp/\libhal_bsp.a(alt_icache_flush_all.o)
                                0x136 (size before relaxing)
 .debug_str     0x00000da5       0x3b ../NIOSII_bsp/\libhal_bsp.a(altera_nios2_qsys_irq.o)
                                0x13d (size before relaxing)
 .debug_str     0x00000de0       0x2c ../NIOSII_bsp/\libhal_bsp.a(alt_icache_flush.o)
                                0x13c (size before relaxing)

.debug_loc      0x00000000      0xdb9
 *(.debug_loc)
 .debug_loc     0x00000000       0x1f obj/default/hello_world_small.o
 .debug_loc     0x0000001f       0x8d c:/altera/13.0sp1/nios2eds/bin/gnu/h-i686-mingw32/bin/../lib/gcc/nios2-elf/4.1.2/../../../../nios2-elf/lib\libsmallc.a(lib_a-printf.o)
 .debug_loc     0x000000ac      0x773 c:/altera/13.0sp1/nios2eds/bin/gnu/h-i686-mingw32/bin/../lib/gcc/nios2-elf/4.1.2/../../../../nios2-elf/lib\libsmallc.a(lib_a-vfprintf.o)
 .debug_loc     0x0000081f      0x162 c:/altera/13.0sp1/nios2eds/bin/gnu/h-i686-mingw32/bin/../lib/gcc/nios2-elf/4.1.2/../../../../nios2-elf/lib\libsmallc.a(lib_a-fvwrite_small_dev.o)
 .debug_loc     0x00000981       0x1e c:/altera/13.0sp1/nios2eds/bin/gnu/h-i686-mingw32/bin/../lib/gcc/nios2-elf/4.1.2/../../../../nios2-elf/lib\libsmallc.a(lib_a-strlen.o)
 .debug_loc     0x0000099f       0x97 c:/altera/13.0sp1/nios2eds/bin/gnu/h-i686-mingw32/bin/../lib/gcc/nios2-elf/4.1.2/../../../../nios2-elf/lib\libsmallc.a(lib_a-writer.o)
 .debug_loc     0x00000a36      0x1d2 c:/altera/13.0sp1/nios2eds/bin/gnu/h-i686-mingw32/bin/../lib/gcc/nios2-elf/4.1.2\libgcc.a(lib2-divmod.o)
 .debug_loc     0x00000c08       0x1f ../NIOSII_bsp/\libhal_bsp.a(alt_load.o)
 .debug_loc     0x00000c27       0x1f ../NIOSII_bsp/\libhal_bsp.a(alt_main.o)
 .debug_loc     0x00000c46       0x13 ../NIOSII_bsp/\libhal_bsp.a(alt_usleep.o)
 .debug_loc     0x00000c59       0x9a ../NIOSII_bsp/\libhal_bsp.a(alt_write.o)
 .debug_loc     0x00000cf3       0x32 ../NIOSII_bsp/\libhal_bsp.a(alt_sys_init.o)
 .debug_loc     0x00000d25       0x26 ../NIOSII_bsp/\libhal_bsp.a(altera_avalon_jtag_uart_write.o)
 .debug_loc     0x00000d4b       0x5b ../NIOSII_bsp/\libhal_bsp.a(alt_busy_sleep.o)
 .debug_loc     0x00000da6       0x13 ../NIOSII_bsp/\libhal_bsp.a(alt_icache_flush.o)

.debug_macinfo
 *(.debug_macinfo)

.debug_weaknames
 *(.debug_weaknames)

.debug_funcnames
 *(.debug_funcnames)

.debug_typenames
 *(.debug_typenames)

.debug_varnames
 *(.debug_varnames)

.debug_alt_sim_info
                0x00000000       0x60
 *(.debug_alt_sim_info)
 .debug_alt_sim_info
                0x00000000       0x30 ../NIOSII_bsp//obj/HAL/src/crt0.o
 .debug_alt_sim_info
                0x00000030       0x30 ../NIOSII_bsp/\libhal_bsp.a(alt_busy_sleep.o)
                0x04000000                __alt_data_end = 0x4000000
                0x04000000                PROVIDE (__alt_stack_pointer, __alt_data_end)
                0x02000f30                PROVIDE (__alt_stack_limit, __alt_stack_base)
                0x02000f30                PROVIDE (__alt_heap_start, end)
                0x04000000                PROVIDE (__alt_heap_limit, 0x4000000)
OUTPUT(NIOSII.elf elf32-littlenios2)

.debug_ranges   0x00000000      0x160
 .debug_ranges  0x00000000       0x20 ../NIOSII_bsp//obj/HAL/src/crt0.o
 .debug_ranges  0x00000020      0x140 c:/altera/13.0sp1/nios2eds/bin/gnu/h-i686-mingw32/bin/../lib/gcc/nios2-elf/4.1.2/../../../../nios2-elf/lib\libsmallc.a(lib_a-vfprintf.o)
