Archive member included because of file (symbol)

c:/altera/13.0sp1/nios2eds/bin/gnu/h-i686-mingw32/bin/../lib/gcc/nios2-elf/4.1.2/../../../../nios2-elf/lib\libsmallc.a(lib_a-printf.o)
                              obj/default/hello_world_small.o (printf)
c:/altera/13.0sp1/nios2eds/bin/gnu/h-i686-mingw32/bin/../lib/gcc/nios2-elf/4.1.2/../../../../nios2-elf/lib\libsmallc.a(lib_a-vfprintf.o)
                              c:/altera/13.0sp1/nios2eds/bin/gnu/h-i686-mingw32/bin/../lib/gcc/nios2-elf/4.1.2/../../../../nios2-elf/lib\libsmallc.a(lib_a-printf.o) (___vfprintf_internal_r)
c:/altera/13.0sp1/nios2eds/bin/gnu/h-i686-mingw32/bin/../lib/gcc/nios2-elf/4.1.2/../../../../nios2-elf/lib\libsmallc.a(lib_a-fvwrite_small_dev.o)
                              c:/altera/13.0sp1/nios2eds/bin/gnu/h-i686-mingw32/bin/../lib/gcc/nios2-elf/4.1.2/../../../../nios2-elf/lib\libsmallc.a(lib_a-printf.o) (__sfvwrite_small_dev)
c:/altera/13.0sp1/nios2eds/bin/gnu/h-i686-mingw32/bin/../lib/gcc/nios2-elf/4.1.2/../../../../nios2-elf/lib\libsmallc.a(lib_a-impure.o)
                              c:/altera/13.0sp1/nios2eds/bin/gnu/h-i686-mingw32/bin/../lib/gcc/nios2-elf/4.1.2/../../../../nios2-elf/lib\libsmallc.a(lib_a-printf.o) (_impure_ptr)
c:/altera/13.0sp1/nios2eds/bin/gnu/h-i686-mingw32/bin/../lib/gcc/nios2-elf/4.1.2/../../../../nios2-elf/lib\libsmallc.a(lib_a-strlen.o)
                              c:/altera/13.0sp1/nios2eds/bin/gnu/h-i686-mingw32/bin/../lib/gcc/nios2-elf/4.1.2/../../../../nios2-elf/lib\libsmallc.a(lib_a-vfprintf.o) (strlen)
c:/altera/13.0sp1/nios2eds/bin/gnu/h-i686-mingw32/bin/../lib/gcc/nios2-elf/4.1.2/../../../../nios2-elf/lib\libsmallc.a(lib_a-writer.o)
                              c:/altera/13.0sp1/nios2eds/bin/gnu/h-i686-mingw32/bin/../lib/gcc/nios2-elf/4.1.2/../../../../nios2-elf/lib\libsmallc.a(lib_a-fvwrite_small_dev.o) (_write_r)
c:/altera/13.0sp1/nios2eds/bin/gnu/h-i686-mingw32/bin/../lib/gcc/nios2-elf/4.1.2/../../../../nios2-elf/lib\libsmallc.a(lib_a-int_errno.o)
                              c:/altera/13.0sp1/nios2eds/bin/gnu/h-i686-mingw32/bin/../lib/gcc/nios2-elf/4.1.2/../../../../nios2-elf/lib\libsmallc.a(lib_a-writer.o) (errno)
c:/altera/13.0sp1/nios2eds/bin/gnu/h-i686-mingw32/bin/../lib/gcc/nios2-elf/4.1.2\libgcc.a(lib2-divmod.o)
                              c:/altera/13.0sp1/nios2eds/bin/gnu/h-i686-mingw32/bin/../lib/gcc/nios2-elf/4.1.2/../../../../nios2-elf/lib\libsmallc.a(lib_a-vfprintf.o) (__udivsi3)
../NIOSII_bsp/\libhal_bsp.a(alt_load.o)
                              ../NIOSII_bsp//obj/HAL/src/crt0.o (alt_load)
../NIOSII_bsp/\libhal_bsp.a(alt_main.o)
                              ../NIOSII_bsp//obj/HAL/src/crt0.o (alt_main)
../NIOSII_bsp/\libhal_bsp.a(alt_usleep.o)
                              obj/default/hello_world_small.o (usleep)
../NIOSII_bsp/\libhal_bsp.a(alt_write.o)
                              c:/altera/13.0sp1/nios2eds/bin/gnu/h-i686-mingw32/bin/../lib/gcc/nios2-elf/4.1.2/../../../../nios2-elf/lib\libsmallc.a(lib_a-writer.o) (write)
../NIOSII_bsp/\libhal_bsp.a(alt_sys_init.o)
                              ../NIOSII_bsp/\libhal_bsp.a(alt_main.o) (alt_sys_init)
../NIOSII_bsp/\libhal_bsp.a(altera_avalon_jtag_uart_write.o)
                              ../NIOSII_bsp/\libhal_bsp.a(alt_write.o) (altera_avalon_jtag_uart_write)
../NIOSII_bsp/\libhal_bsp.a(alt_busy_sleep.o)
                              ../NIOSII_bsp/\libhal_bsp.a(alt_usleep.o) (alt_busy_sleep)
../NIOSII_bsp/\libhal_bsp.a(alt_dcache_flush_all.o)
                              ../NIOSII_bsp/\libhal_bsp.a(alt_load.o) (alt_dcache_flush_all)
../NIOSII_bsp/\libhal_bsp.a(alt_errno.o)
                              ../NIOSII_bsp/\libhal_bsp.a(alt_write.o) (alt_errno)
../NIOSII_bsp/\libhal_bsp.a(alt_icache_flush_all.o)
                              ../NIOSII_bsp/\libhal_bsp.a(alt_load.o) (alt_icache_flush_all)
../NIOSII_bsp/\libhal_bsp.a(altera_nios2_qsys_irq.o)
                              ../NIOSII_bsp/\libhal_bsp.a(alt_sys_init.o) (altera_nios2_qsys_irq_init)
../NIOSII_bsp/\libhal_bsp.a(alt_icache_flush.o)
                              ../NIOSII_bsp/\libhal_bsp.a(alt_icache_flush_all.o) (alt_icache_flush)

Allocating common symbols
Common symbol       size              file

errno               0x4               c:/altera/13.0sp1/nios2eds/bin/gnu/h-i686-mingw32/bin/../lib/gcc/nios2-elf/4.1.2/../../../../nios2-elf/lib\libsmallc.a(lib_a-int_errno.o)

Memory Configuration

Name             Origin             Length             Attributes
reset            0x02000000         0x00000020
sdram            0x02000020         0x01ffffe0
onchip_memory2   0x04008000         0x00008000
*default*        0x00000000         0xffffffff

Linker script and memory map

LOAD ../NIOSII_bsp//obj/HAL/src/crt0.o
                0x0200001c                exit = _exit
LOAD obj/default/hello_world_small.o
LOAD c:/altera/13.0sp1/nios2eds/bin/gnu/h-i686-mingw32/bin/../lib/gcc/nios2-elf/4.1.2/../../../../nios2-elf/lib\libstdc++.a
LOAD c:/altera/13.0sp1/nios2eds/bin/gnu/h-i686-mingw32/bin/../lib/gcc/nios2-elf/4.1.2/../../../../nios2-elf/lib\libm.a
LOAD c:/altera/13.0sp1/nios2eds/bin/gnu/h-i686-mingw32/bin/../lib/gcc/nios2-elf/4.1.2\libgcc.a
START GROUP
LOAD c:/altera/13.0sp1/nios2eds/bin/gnu/h-i686-mingw32/bin/../lib/gcc/nios2-elf/4.1.2/../../../../nios2-elf/lib\libsmallc.a
LOAD c:/altera/13.0sp1/nios2eds/bin/gnu/h-i686-mingw32/bin/../lib/gcc/nios2-elf/4.1.2\libgcc.a
LOAD ../NIOSII_bsp/\libhal_bsp.a
END GROUP
LOAD c:/altera/13.0sp1/nios2eds/bin/gnu/h-i686-mingw32/bin/../lib/gcc/nios2-elf/4.1.2\libgcc.a
                0x02000000                __alt_mem_sdram = 0x2000000
                0x04008000                __alt_mem_onchip_memory2 = 0x4008000

.entry          0x02000000       0x20
 *(.entry)
 .entry         0x02000000       0x20 ../NIOSII_bsp//obj/HAL/src/crt0.o
                0x02000000                __reset
                0x0200001c                _exit

.exceptions     0x02000020        0x0
                0x02000020                PROVIDE (__ram_exceptions_start, ABSOLUTE (.))
                0x02000020                . = ALIGN (0x20)
 *(.irq)
 *(.exceptions.entry.label)
 *(.exceptions.entry.user)
 *(.exceptions.entry)
 *(.exceptions.irqtest.user)
 *(.exceptions.irqtest)
 *(.exceptions.irqhandler.user)
 *(.exceptions.irqhandler)
 *(.exceptions.irqreturn.user)
 *(.exceptions.irqreturn)
 *(.exceptions.notirq.label)
 *(.exceptions.notirq.user)
 *(.exceptions.notirq)
 *(.exceptions.soft.user)
 *(.exceptions.soft)
 *(.exceptions.unknown.user)
 *(.exceptions.unknown)
 *(.exceptions.exit.label)
 *(.exceptions.exit.user)
 *(.exceptions.exit)
 *(.exceptions)
                0x02000020                PROVIDE (__ram_exceptions_end, ABSOLUTE (.))
                0x02000020                PROVIDE (__flash_exceptions_start, LOADADDR (.exceptions))

.text           0x02000020      0xd4c
                0x02000020                PROVIDE (stext, ABSOLUTE (.))
 *(.interp)
 *(.hash)
 *(.dynsym)
 *(.dynstr)
 *(.gnu.version)
 *(.gnu.version_d)
 *(.gnu.version_r)
 *(.rel.init)
 *(.rela.init)
 *(.rel.text .rel.text.* .rel.gnu.linkonce.t.*)
 *(.rela.text .rela.text.* .rela.gnu.linkonce.t.*)
 *(.rel.fini)
 *(.rela.fini)
 *(.rel.rodata .rel.rodata.* .rel.gnu.linkonce.r.*)
 *(.rela.rodata .rela.rodata.* .rela.gnu.linkonce.r.*)
 *(.rel.data .rel.data.* .rel.gnu.linkonce.d.*)
 *(.rela.data .rela.data.* .rela.gnu.linkonce.d.*)
 *(.rel.tdata .rel.tdata.* .rel.gnu.linkonce.td.*)
 *(.rela.tdata .rela.tdata.* .rela.gnu.linkonce.td.*)
 *(.rel.tbss .rel.tbss.* .rel.gnu.linkonce.tb.*)
 *(.rela.tbss .rela.tbss.* .rela.gnu.linkonce.tb.*)
 *(.rel.ctors)
 *(.rela.ctors)
 *(.rel.dtors)
 *(.rela.dtors)
 *(.rel.got)
 *(.rela.got)
 *(.rel.sdata .rel.sdata.* .rel.gnu.linkonce.s.*)
 *(.rela.sdata .rela.sdata.* .rela.gnu.linkonce.s.*)
 *(.rel.sbss .rel.sbss.* .rel.gnu.linkonce.sb.*)
 *(.rela.sbss .rela.sbss.* .rela.gnu.linkonce.sb.*)
 *(.rel.sdata2 .rel.sdata2.* .rel.gnu.linkonce.s2.*)
 *(.rela.sdata2 .rela.sdata2.* .rela.gnu.linkonce.s2.*)
 *(.rel.sbss2 .rel.sbss2.* .rel.gnu.linkonce.sb2.*)
 *(.rela.sbss2 .rela.sbss2.* .rela.gnu.linkonce.sb2.*)
 *(.rel.bss .rel.bss.* .rel.gnu.linkonce.b.*)
 *(.rela.bss .rela.bss.* .rela.gnu.linkonce.b.*)
 *(.rel.plt)
 *(.rela.plt)
 *(.rel.dyn)
 *(.init)
 *(.plt)
 *(.text .stub .text.* .gnu.linkonce.t.*)
 .text          0x02000020       0x4c ../NIOSII_bsp//obj/HAL/src/crt0.o
                0x02000020                _start
 .text          0x0200006c       0x88 obj/default/hello_world_small.o
                0x0200006c                main
 .text          0x020000f4       0x98 c:/altera/13.0sp1/nios2eds/bin/gnu/h-i686-mingw32/bin/../lib/gcc/nios2-elf/4.1.2/../../../../nios2-elf/lib\libsmallc.a(lib_a-printf.o)
                0x020000f4                printf
                0x02000148                _printf_r
 .text          0x0200018c      0x6d4 c:/altera/13.0sp1/nios2eds/bin/gnu/h-i686-mingw32/bin/../lib/gcc/nios2-elf/4.1.2/../../../../nios2-elf/lib\libsmallc.a(lib_a-vfprintf.o)
                0x0200020c                ___vfprintf_internal_r
                0x0200083c                __vfprintf_internal
 .text          0x02000860       0xbc c:/altera/13.0sp1/nios2eds/bin/gnu/h-i686-mingw32/bin/../lib/gcc/nios2-elf/4.1.2/../../../../nios2-elf/lib\libsmallc.a(lib_a-fvwrite_small_dev.o)
                0x02000860                __sfvwrite_small_dev
 .text          0x0200091c        0x0 c:/altera/13.0sp1/nios2eds/bin/gnu/h-i686-mingw32/bin/../lib/gcc/nios2-elf/4.1.2/../../../../nios2-elf/lib\libsmallc.a(lib_a-impure.o)
 .text          0x0200091c       0x20 c:/altera/13.0sp1/nios2eds/bin/gnu/h-i686-mingw32/bin/../lib/gcc/nios2-elf/4.1.2/../../../../nios2-elf/lib\libsmallc.a(lib_a-strlen.o)
                0x0200091c                strlen
 .text          0x0200093c       0x78 c:/altera/13.0sp1/nios2eds/bin/gnu/h-i686-mingw32/bin/../lib/gcc/nios2-elf/4.1.2/../../../../nios2-elf/lib\libsmallc.a(lib_a-writer.o)
                0x0200093c                _write_r
 .text          0x020009b4        0x0 c:/altera/13.0sp1/nios2eds/bin/gnu/h-i686-mingw32/bin/../lib/gcc/nios2-elf/4.1.2/../../../../nios2-elf/lib\libsmallc.a(lib_a-int_errno.o)
 .text          0x020009b4      0x14c c:/altera/13.0sp1/nios2eds/bin/gnu/h-i686-mingw32/bin/../lib/gcc/nios2-elf/4.1.2\libgcc.a(lib2-divmod.o)
                0x02000a30                __divsi3
                0x02000a90                __modsi3
                0x02000af0                __udivsi3
                0x02000af8                __umodsi3
 .text          0x02000b00       0x8c ../NIOSII_bsp/\libhal_bsp.a(alt_load.o)
                0x02000b20                alt_load
 .text          0x02000b8c       0x2c ../NIOSII_bsp/\libhal_bsp.a(alt_main.o)
                0x02000b8c                alt_main
 .text          0x02000bb8        0x4 ../NIOSII_bsp/\libhal_bsp.a(alt_usleep.o)
                0x02000bb8                usleep
 .text          0x02000bbc       0x78 ../NIOSII_bsp/\libhal_bsp.a(alt_write.o)
                0x02000bbc                write
 .text          0x02000c34       0x24 ../NIOSII_bsp/\libhal_bsp.a(alt_sys_init.o)
                0x02000c34                alt_sys_init
                0x02000c38                alt_irq_init
 .text          0x02000c58       0x34 ../NIOSII_bsp/\libhal_bsp.a(altera_avalon_jtag_uart_write.o)
                0x02000c58                altera_avalon_jtag_uart_write
 .text          0x02000c8c       0x7c ../NIOSII_bsp/\libhal_bsp.a(alt_busy_sleep.o)
                0x02000c8c                alt_busy_sleep
 .text          0x02000d08       0x18 ../NIOSII_bsp/\libhal_bsp.a(alt_dcache_flush_all.o)
                0x02000d08                alt_dcache_flush_all
 .text          0x02000d20        0x0 ../NIOSII_bsp/\libhal_bsp.a(alt_errno.o)
 .text          0x02000d20        0xc ../NIOSII_bsp/\libhal_bsp.a(alt_icache_flush_all.o)
                0x02000d20                alt_icache_flush_all
 .text          0x02000d2c        0x8 ../NIOSII_bsp/\libhal_bsp.a(altera_nios2_qsys_irq.o)
                0x02000d2c                altera_nios2_qsys_irq_init
 .text          0x02000d34       0x38 ../NIOSII_bsp/\libhal_bsp.a(alt_icache_flush.o)
                0x02000d34                alt_icache_flush
 *(.gnu.warning.*)
 *(.fini)
                0x02000d6c                PROVIDE (__etext, ABSOLUTE (.))
                0x02000d6c                PROVIDE (_etext, ABSOLUTE (.))
                0x02000d6c                PROVIDE (etext, ABSOLUTE (.))
 *(.eh_frame_hdr)
                0x02000d6c                . = ALIGN (0x4)
                0x02000d6c                PROVIDE (__preinit_array_start, ABSOLUTE (.))
 *(.preinit_array)
                0x02000d6c                PROVIDE (__preinit_array_end, ABSOLUTE (.))
                0x02000d6c                PROVIDE (__init_array_start, ABSOLUTE (.))
 *(.init_array)
                0x02000d6c                PROVIDE (__init_array_end, ABSOLUTE (.))
                0x02000d6c                PROVIDE (__fini_array_start, ABSOLUTE (.))
 *(.fini_array)
                0x02000d6c                PROVIDE (__fini_array_end, ABSOLUTE (.))
 *(.eh_frame)
 *(.gcc_except_table)
 *(.dynamic)
                0x02000d6c                PROVIDE (__CTOR_LIST__, ABSOLUTE (.))
 *(.ctors)
 *(SORT(.ctors.*))
                0x02000d6c                PROVIDE (__CTOR_END__, ABSOLUTE (.))
                0x02000d6c                PROVIDE (__DTOR_LIST__, ABSOLUTE (.))
 *(.dtors)
 *(SORT(.dtors.*))
                0x02000d6c                PROVIDE (__DTOR_END__, ABSOLUTE (.))
 *(.jcr)
                0x02000d6c                . = ALIGN (0x4)

.rodata         0x02000d6c       0x20
                0x02000d6c                PROVIDE (__ram_rodata_start, ABSOLUTE (.))
                0x02000d6c                . = ALIGN (0x4)
 *(.rodata .rodata.* .gnu.linkonce.r.*)
 .rodata.str1.4
                0x02000d6c       0x20 obj/default/hello_world_small.o
 *(.rodata1)
                0x02000d8c                . = ALIGN (0x4)
                0x02000d8c                PROVIDE (__ram_rodata_end, ABSOLUTE (.))
                0x02000d6c                PROVIDE (__flash_rodata_start, LOADADDR (.rodata))

.rwdata         0x02000d8c       0xf4 load address 0x02000e80
                0x02000d8c                PROVIDE (__ram_rwdata_start, ABSOLUTE (.))
                0x02000d8c                . = ALIGN (0x4)
 *(.got.plt)
 *(.got)
 *(.data1)
 *(.data .data.* .gnu.linkonce.d.*)
 .data          0x02000d8c        0x0 ../NIOSII_bsp//obj/HAL/src/crt0.o
 .data          0x02000d8c        0x0 obj/default/hello_world_small.o
 .data          0x02000d8c        0x0 c:/altera/13.0sp1/nios2eds/bin/gnu/h-i686-mingw32/bin/../lib/gcc/nios2-elf/4.1.2/../../../../nios2-elf/lib\libsmallc.a(lib_a-printf.o)
 .data          0x02000d8c        0x0 c:/altera/13.0sp1/nios2eds/bin/gnu/h-i686-mingw32/bin/../lib/gcc/nios2-elf/4.1.2/../../../../nios2-elf/lib\libsmallc.a(lib_a-vfprintf.o)
 .data          0x02000d8c        0x0 c:/altera/13.0sp1/nios2eds/bin/gnu/h-i686-mingw32/bin/../lib/gcc/nios2-elf/4.1.2/../../../../nios2-elf/lib\libsmallc.a(lib_a-fvwrite_small_dev.o)
 .data          0x02000d8c       0xe0 c:/altera/13.0sp1/nios2eds/bin/gnu/h-i686-mingw32/bin/../lib/gcc/nios2-elf/4.1.2/../../../../nios2-elf/lib\libsmallc.a(lib_a-impure.o)
 .data          0x02000e6c        0x0 c:/altera/13.0sp1/nios2eds/bin/gnu/h-i686-mingw32/bin/../lib/gcc/nios2-elf/4.1.2/../../../../nios2-elf/lib\libsmallc.a(lib_a-strlen.o)
 .data          0x02000e6c        0x0 c:/altera/13.0sp1/nios2eds/bin/gnu/h-i686-mingw32/bin/../lib/gcc/nios2-elf/4.1.2/../../../../nios2-elf/lib\libsmallc.a(lib_a-writer.o)
 .data          0x02000e6c        0x0 c:/altera/13.0sp1/nios2eds/bin/gnu/h-i686-mingw32/bin/../lib/gcc/nios2-elf/4.1.2/../../../../nios2-elf/lib\libsmallc.a(lib_a-int_errno.o)
 .data          0x02000e6c        0x0 c:/altera/13.0sp1/nios2eds/bin/gnu/h-i686-mingw32/bin/../lib/gcc/nios2-elf/4.1.2\libgcc.a(lib2-divmod.o)
 .data          0x02000e6c        0x0 ../NIOSII_bsp/\libhal_bsp.a(alt_load.o)
 .data          0x02000e6c        0x0 ../NIOSII_bsp/\libhal_bsp.a(alt_main.o)
 .data          0x02000e6c        0x0 ../NIOSII_bsp/\libhal_bsp.a(alt_usleep.o)
 .data          0x02000e6c        0x0 ../NIOSII_bsp/\libhal_bsp.a(alt_write.o)
 .data          0x02000e6c        0x0 ../NIOSII_bsp/\libhal_bsp.a(alt_sys_init.o)
 .data          0x02000e6c        0x0 ../NIOSII_bsp/\libhal_bsp.a(altera_avalon_jtag_uart_write.o)
 .data          0x02000e6c        0x0 ../NIOSII_bsp/\libhal_bsp.a(alt_busy_sleep.o)
 .data          0x02000e6c        0x0 ../NIOSII_bsp/\libhal_bsp.a(alt_dcache_flush_all.o)
 .data          0x02000e6c        0x0 ../NIOSII_bsp/\libhal_bsp.a(alt_errno.o)
 .data          0x02000e6c        0x0 ../NIOSII_bsp/\libhal_bsp.a(alt_icache_flush_all.o)
 .data          0x02000e6c        0x0 ../NIOSII_bsp/\libhal_bsp.a(altera_nios2_qsys_irq.o)
 .data          0x02000e6c        0x0 ../NIOSII_bsp/\libhal_bsp.a(alt_icache_flush.o)
                0x02008e6c                _gp = ABSOLUTE ((. + 0x8000))
                0x02008e6c                PROVIDE (gp, _gp)
 *(.rwdata .rwdata.*)
 *(.sdata .sdata.* .gnu.linkonce.s.*)
 .sdata         0x02000e6c        0x8 c:/altera/13.0sp1/nios2eds/bin/gnu/h-i686-mingw32/bin/../lib/gcc/nios2-elf/4.1.2/../../../../nios2-elf/lib\libsmallc.a(lib_a-impure.o)
                0x02000e6c                _impure_ptr
                0x02000e70                _global_impure_ptr
 .sdata         0x02000e74        0x8 ../NIOSII_bsp/\libhal_bsp.a(alt_sys_init.o)
                0x02000e74                jtag_uart
                0x02000e78                uart_0
 .sdata         0x02000e7c        0x4 ../NIOSII_bsp/\libhal_bsp.a(alt_errno.o)
                0x02000e7c                alt_errno
 *(.sdata2 .sdata2.* .gnu.linkonce.s2.*)
                0x02000e80                . = ALIGN (0x4)
                0x02000e80                _edata = ABSOLUTE (.)
                0x02000e80                PROVIDE (edata, ABSOLUTE (.))
                0x02000e80                PROVIDE (__ram_rwdata_end, ABSOLUTE (.))
                0x02000e80                PROVIDE (__flash_rwdata_start, LOADADDR (.rwdata))

.bss            0x02000f74       0x10
                0x02000f74                __bss_start = ABSOLUTE (.)
                0x02000f74                PROVIDE (__sbss_start, ABSOLUTE (.))
                0x02000f74                PROVIDE (___sbss_start, ABSOLUTE (.))
 *(.dynsbss)
 *(.sbss .sbss.* .gnu.linkonce.sb.*)
 .sbss          0x02000f74        0x4 c:/altera/13.0sp1/nios2eds/bin/gnu/h-i686-mingw32/bin/../lib/gcc/nios2-elf/4.1.2/../../../../nios2-elf/lib\libsmallc.a(lib_a-int_errno.o)
                0x02000f74                errno
 .sbss          0x02000f78        0xc ../NIOSII_bsp/\libhal_bsp.a(alt_main.o)
                0x02000f78                alt_argc
                0x02000f7c                alt_argv
                0x02000f80                alt_envp
 *(.sbss2 .sbss2.* .gnu.linkonce.sb2.*)
 *(.scommon)
                0x02000f84                PROVIDE (__sbss_end, ABSOLUTE (.))
                0x02000f84                PROVIDE (___sbss_end, ABSOLUTE (.))
 *(.dynbss)
 *(.bss .bss.* .gnu.linkonce.b.*)
 .bss           0x02000f84        0x0 ../NIOSII_bsp//obj/HAL/src/crt0.o
 .bss           0x02000f84        0x0 obj/default/hello_world_small.o
 .bss           0x02000f84        0x0 c:/altera/13.0sp1/nios2eds/bin/gnu/h-i686-mingw32/bin/../lib/gcc/nios2-elf/4.1.2/../../../../nios2-elf/lib\libsmallc.a(lib_a-printf.o)
 .bss           0x02000f84        0x0 c:/altera/13.0sp1/nios2eds/bin/gnu/h-i686-mingw32/bin/../lib/gcc/nios2-elf/4.1.2/../../../../nios2-elf/lib\libsmallc.a(lib_a-vfprintf.o)
 .bss           0x02000f84        0x0 c:/altera/13.0sp1/nios2eds/bin/gnu/h-i686-mingw32/bin/../lib/gcc/nios2-elf/4.1.2/../../../../nios2-elf/lib\libsmallc.a(lib_a-fvwrite_small_dev.o)
 .bss           0x02000f84        0x0 c:/altera/13.0sp1/nios2eds/bin/gnu/h-i686-mingw32/bin/../lib/gcc/nios2-elf/4.1.2/../../../../nios2-elf/lib\libsmallc.a(lib_a-impure.o)
 .bss           0x02000f84        0x0 c:/altera/13.0sp1/nios2eds/bin/gnu/h-i686-mingw32/bin/../lib/gcc/nios2-elf/4.1.2/../../../../nios2-elf/lib\libsmallc.a(lib_a-strlen.o)
 .bss           0x02000f84        0x0 c:/altera/13.0sp1/nios2eds/bin/gnu/h-i686-mingw32/bin/../lib/gcc/nios2-elf/4.1.2/../../../../nios2-elf/lib\libsmallc.a(lib_a-writer.o)
 .bss           0x02000f84        0x0 c:/altera/13.0sp1/nios2eds/bin/gnu/h-i686-mingw32/bin/../lib/gcc/nios2-elf/4.1.2/../../../../nios2-elf/lib\libsmallc.a(lib_a-int_errno.o)
 .bss           0x02000f84        0x0 c:/altera/13.0sp1/nios2eds/bin/gnu/h-i686-mingw32/bin/../lib/gcc/nios2-elf/4.1.2\libgcc.a(lib2-divmod.o)
 .bss           0x02000f84        0x0 ../NIOSII_bsp/\libhal_bsp.a(alt_load.o)
 .bss           0x02000f84        0x0 ../NIOSII_bsp/\libhal_bsp.a(alt_main.o)
 .bss           0x02000f84        0x0 ../NIOSII_bsp/\libhal_bsp.a(alt_usleep.o)
 .bss           0x02000f84        0x0 ../NIOSII_bsp/\libhal_bsp.a(alt_write.o)
 .bss           0x02000f84        0x0 ../NIOSII_bsp/\libhal_bsp.a(alt_sys_init.o)
 .bss           0x02000f84        0x0 ../NIOSII_bsp/\libhal_bsp.a(altera_avalon_jtag_uart_write.o)
 .bss           0x02000f84        0x0 ../NIOSII_bsp/\libhal_bsp.a(alt_busy_sleep.o)
 .bss           0x02000f84        0x0 ../NIOSII_bsp/\libhal_bsp.a(alt_dcache_flush_all.o)
 .bss           0x02000f84        0x0 ../NIOSII_bsp/\libhal_bsp.a(alt_errno.o)
 .bss           0x02000f84        0x0 ../NIOSII_bsp/\libhal_bsp.a(alt_icache_flush_all.o)
 .bss           0x02000f84        0x0 ../NIOSII_bsp/\libhal_bsp.a(altera_nios2_qsys_irq.o)
 .bss           0x02000f84        0x0 ../NIOSII_bsp/\libhal_bsp.a(alt_icache_flush.o)
 *(COMMON)
                0x02000f84                . = ALIGN (0x4)
                0x02000f84                __bss_end = ABSOLUTE (.)

.sdram          0x02000f84        0x0
                0x02000f84                PROVIDE (_alt_partition_sdram_start, ABSOLUTE (.))
 *(.sdram. sdram.*)
                0x02000f84                . = ALIGN (0x4)
                0x02000f84                PROVIDE (_alt_partition_sdram_end, ABSOLUTE (.))
                0x02000f84                _end = ABSOLUTE (.)
                0x02000f84                end = ABSOLUTE (.)
                0x02000f84                __alt_stack_base = ABSOLUTE (.)
                0x02000f84                PROVIDE (_alt_partition_sdram_load_addr, LOADADDR (.sdram))

.onchip_memory2
                0x04008000        0x0 load address 0x02000f84
                0x04008000                PROVIDE (_alt_partition_onchip_memory2_start, ABSOLUTE (.))
 *(.onchip_memory2. onchip_memory2.*)
                0x04008000                . = ALIGN (0x4)
                0x04008000                PROVIDE (_alt_partition_onchip_memory2_end, ABSOLUTE (.))
                0x02000f84                PROVIDE (_alt_partition_onchip_memory2_load_addr, LOADADDR (.onchip_memory2))

.stab
 *(.stab)

.stabstr
 *(.stabstr)

.stab.excl
 *(.stab.excl)

.stab.exclstr
 *(.stab.exclstr)

.stab.index
 *(.stab.index)

.stab.indexstr
 *(.stab.indexstr)

.comment        0x00000000       0x26
 *(.comment)
 .comment       0x00000000       0x26 obj/default/hello_world_small.o
                                 0x27 (size before relaxing)
 .comment       0x00000000       0x27 c:/altera/13.0sp1/nios2eds/bin/gnu/h-i686-mingw32/bin/../lib/gcc/nios2-elf/4.1.2/../../../../nios2-elf/lib\libsmallc.a(lib_a-printf.o)
 .comment       0x00000000       0x27 c:/altera/13.0sp1/nios2eds/bin/gnu/h-i686-mingw32/bin/../lib/gcc/nios2-elf/4.1.2/../../../../nios2-elf/lib\libsmallc.a(lib_a-vfprintf.o)
 .comment       0x00000000       0x27 c:/altera/13.0sp1/nios2eds/bin/gnu/h-i686-mingw32/bin/../lib/gcc/nios2-elf/4.1.2/../../../../nios2-elf/lib\libsmallc.a(lib_a-fvwrite_small_dev.o)
 .comment       0x00000000       0x27 c:/altera/13.0sp1/nios2eds/bin/gnu/h-i686-mingw32/bin/../lib/gcc/nios2-elf/4.1.2/../../../../nios2-elf/lib\libsmallc.a(lib_a-impure.o)
 .comment       0x00000000       0x27 c:/altera/13.0sp1/nios2eds/bin/gnu/h-i686-mingw32/bin/../lib/gcc/nios2-elf/4.1.2/../../../../nios2-elf/lib\libsmallc.a(lib_a-strlen.o)
 .comment       0x00000000       0x27 c:/altera/13.0sp1/nios2eds/bin/gnu/h-i686-mingw32/bin/../lib/gcc/nios2-elf/4.1.2/../../../../nios2-elf/lib\libsmallc.a(lib_a-writer.o)
 .comment       0x00000000       0x27 c:/altera/13.0sp1/nios2eds/bin/gnu/h-i686-mingw32/bin/../lib/gcc/nios2-elf/4.1.2/../../../../nios2-elf/lib\libsmallc.a(lib_a-int_errno.o)
 .comment       0x00000000       0x27 c:/altera/13.0sp1/nios2eds/bin/gnu/h-i686-mingw32/bin/../lib/gcc/nios2-elf/4.1.2\libgcc.a(lib2-divmod.o)
 .comment       0x00000000       0x27 ../NIOSII_bsp/\libhal_bsp.a(alt_load.o)
 .comment       0x00000000       0x27 ../NIOSII_bsp/\libhal_bsp.a(alt_main.o)
 .comment       0x00000000       0x27 ../NIOSII_bsp/\libhal_bsp.a(alt_usleep.o)
 .comment       0x00000000       0x27 ../NIOSII_bsp/\libhal_bsp.a(alt_write.o)
 .comment       0x00000000       0x27 ../NIOSII_bsp/\libhal_bsp.a(alt_sys_init.o)
 .comment       0x00000000       0x27 ../NIOSII_bsp/\libhal_bsp.a(altera_avalon_jtag_uart_write.o)
 .comment       0x00000000       0x27 ../NIOSII_bsp/\libhal_bsp.a(alt_busy_sleep.o)
 .comment       0x00000000       0x27 ../NIOSII_bsp/\libhal_bsp.a(alt_dcache_flush_all.o)
 .comment       0x00000000       0x27 ../NIOSII_bsp/\libhal_bsp.a(alt_errno.o)
 .comment       0x00000000       0x27 ../NIOSII_bsp/\libhal_bsp.a(alt_icache_flush_all.o)
 .comment       0x00000000       0x27 ../NIOSII_bsp/\libhal_bsp.a(altera_nios2_qsys_irq.o)
 .comment       0x00000000       0x27 ../NIOSII_bsp/\libhal_bsp.a(alt_icache_flush.o)

.debug
 *(.debug)

.line
 *(.line)

.debug_srcinfo
 *(.debug_srcinfo)

.debug_sfnames
 *(.debug_sfnames)

.debug_aranges  0x00000000      0x268
 *(.debug_aranges)
 .debug_aranges
                0x00000000       0x28 ../NIOSII_bsp//obj/HAL/src/crt0.o
 .debug_aranges
                0x00000028       0x20 obj/default/hello_world_small.o
 .debug_aranges
                0x00000048       0x20 c:/altera/13.0sp1/nios2eds/bin/gnu/h-i686-mingw32/bin/../lib/gcc/nios2-elf/4.1.2/../../../../nios2-elf/lib\libsmallc.a(lib_a-printf.o)
 .debug_aranges
                0x00000068       0x20 c:/altera/13.0sp1/nios2eds/bin/gnu/h-i686-mingw32/bin/../lib/gcc/nios2-elf/4.1.2/../../../../nios2-elf/lib\libsmallc.a(lib_a-vfprintf.o)
 .debug_aranges
                0x00000088       0x20 c:/altera/13.0sp1/nios2eds/bin/gnu/h-i686-mingw32/bin/../lib/gcc/nios2-elf/4.1.2/../../../../nios2-elf/lib\libsmallc.a(lib_a-fvwrite_small_dev.o)
 .debug_aranges
                0x000000a8       0x20 c:/altera/13.0sp1/nios2eds/bin/gnu/h-i686-mingw32/bin/../lib/gcc/nios2-elf/4.1.2/../../../../nios2-elf/lib\libsmallc.a(lib_a-strlen.o)
 .debug_aranges
                0x000000c8       0x20 c:/altera/13.0sp1/nios2eds/bin/gnu/h-i686-mingw32/bin/../lib/gcc/nios2-elf/4.1.2/../../../../nios2-elf/lib\libsmallc.a(lib_a-writer.o)
 .debug_aranges
                0x000000e8       0x20 c:/altera/13.0sp1/nios2eds/bin/gnu/h-i686-mingw32/bin/../lib/gcc/nios2-elf/4.1.2\libgcc.a(lib2-divmod.o)
 .debug_aranges
                0x00000108       0x20 ../NIOSII_bsp/\libhal_bsp.a(alt_load.o)
 .debug_aranges
                0x00000128       0x20 ../NIOSII_bsp/\libhal_bsp.a(alt_main.o)
 .debug_aranges
                0x00000148       0x20 ../NIOSII_bsp/\libhal_bsp.a(alt_usleep.o)
 .debug_aranges
                0x00000168       0x20 ../NIOSII_bsp/\libhal_bsp.a(alt_write.o)
 .debug_aranges
                0x00000188       0x20 ../NIOSII_bsp/\libhal_bsp.a(alt_sys_init.o)
 .debug_aranges
                0x000001a8       0x20 ../NIOSII_bsp/\libhal_bsp.a(altera_avalon_jtag_uart_write.o)
 .debug_aranges
                0x000001c8       0x20 ../NIOSII_bsp/\libhal_bsp.a(alt_busy_sleep.o)
 .debug_aranges
                0x000001e8       0x20 ../NIOSII_bsp/\libhal_bsp.a(alt_dcache_flush_all.o)
 .debug_aranges
                0x00000208       0x20 ../NIOSII_bsp/\libhal_bsp.a(alt_icache_flush_all.o)
 .debug_aranges
                0x00000228       0x20 ../NIOSII_bsp/\libhal_bsp.a(altera_nios2_qsys_irq.o)
 .debug_aranges
                0x00000248       0x20 ../NIOSII_bsp/\libhal_bsp.a(alt_icache_flush.o)

.debug_pubnames
                0x00000000      0x3a1
 *(.debug_pubnames)
 .debug_pubnames
                0x00000000       0x1b obj/default/hello_world_small.o
 .debug_pubnames
                0x0000001b       0x2b c:/altera/13.0sp1/nios2eds/bin/gnu/h-i686-mingw32/bin/../lib/gcc/nios2-elf/4.1.2/../../../../nios2-elf/lib\libsmallc.a(lib_a-printf.o)
 .debug_pubnames
                0x00000046       0x45 c:/altera/13.0sp1/nios2eds/bin/gnu/h-i686-mingw32/bin/../lib/gcc/nios2-elf/4.1.2/../../../../nios2-elf/lib\libsmallc.a(lib_a-vfprintf.o)
 .debug_pubnames
                0x0000008b       0x2b c:/altera/13.0sp1/nios2eds/bin/gnu/h-i686-mingw32/bin/../lib/gcc/nios2-elf/4.1.2/../../../../nios2-elf/lib\libsmallc.a(lib_a-fvwrite_small_dev.o)
 .debug_pubnames
                0x000000b6       0x39 c:/altera/13.0sp1/nios2eds/bin/gnu/h-i686-mingw32/bin/../lib/gcc/nios2-elf/4.1.2/../../../../nios2-elf/lib\libsmallc.a(lib_a-impure.o)
 .debug_pubnames
                0x000000ef       0x1d c:/altera/13.0sp1/nios2eds/bin/gnu/h-i686-mingw32/bin/../lib/gcc/nios2-elf/4.1.2/../../../../nios2-elf/lib\libsmallc.a(lib_a-strlen.o)
 .debug_pubnames
                0x0000010c       0x1f c:/altera/13.0sp1/nios2eds/bin/gnu/h-i686-mingw32/bin/../lib/gcc/nios2-elf/4.1.2/../../../../nios2-elf/lib\libsmallc.a(lib_a-writer.o)
 .debug_pubnames
                0x0000012b       0x1c c:/altera/13.0sp1/nios2eds/bin/gnu/h-i686-mingw32/bin/../lib/gcc/nios2-elf/4.1.2/../../../../nios2-elf/lib\libsmallc.a(lib_a-int_errno.o)
 .debug_pubnames
                0x00000147       0x48 c:/altera/13.0sp1/nios2eds/bin/gnu/h-i686-mingw32/bin/../lib/gcc/nios2-elf/4.1.2\libgcc.a(lib2-divmod.o)
 .debug_pubnames
                0x0000018f       0x1f ../NIOSII_bsp/\libhal_bsp.a(alt_load.o)
 .debug_pubnames
                0x000001ae       0x46 ../NIOSII_bsp/\libhal_bsp.a(alt_main.o)
 .debug_pubnames
                0x000001f4       0x1d ../NIOSII_bsp/\libhal_bsp.a(alt_usleep.o)
 .debug_pubnames
                0x00000211       0x1c ../NIOSII_bsp/\libhal_bsp.a(alt_write.o)
 .debug_pubnames
                0x0000022d       0x4d ../NIOSII_bsp/\libhal_bsp.a(alt_sys_init.o)
 .debug_pubnames
                0x0000027a       0x34 ../NIOSII_bsp/\libhal_bsp.a(altera_avalon_jtag_uart_write.o)
 .debug_pubnames
                0x000002ae       0x25 ../NIOSII_bsp/\libhal_bsp.a(alt_busy_sleep.o)
 .debug_pubnames
                0x000002d3       0x2b ../NIOSII_bsp/\libhal_bsp.a(alt_dcache_flush_all.o)
 .debug_pubnames
                0x000002fe       0x20 ../NIOSII_bsp/\libhal_bsp.a(alt_errno.o)
 .debug_pubnames
                0x0000031e       0x2b ../NIOSII_bsp/\libhal_bsp.a(alt_icache_flush_all.o)
 .debug_pubnames
                0x00000349       0x31 ../NIOSII_bsp/\libhal_bsp.a(altera_nios2_qsys_irq.o)
 .debug_pubnames
                0x0000037a       0x27 ../NIOSII_bsp/\libhal_bsp.a(alt_icache_flush.o)

.debug_info     0x00000000     0x345e
 *(.debug_info .gnu.linkonce.wi.*)
 .debug_info    0x00000000       0x9e ../NIOSII_bsp//obj/HAL/src/crt0.o
 .debug_info    0x0000009e       0xc5 obj/default/hello_world_small.o
 .debug_info    0x00000163      0x6c8 c:/altera/13.0sp1/nios2eds/bin/gnu/h-i686-mingw32/bin/../lib/gcc/nios2-elf/4.1.2/../../../../nios2-elf/lib\libsmallc.a(lib_a-printf.o)
 .debug_info    0x0000082b      0x9b5 c:/altera/13.0sp1/nios2eds/bin/gnu/h-i686-mingw32/bin/../lib/gcc/nios2-elf/4.1.2/../../../../nios2-elf/lib\libsmallc.a(lib_a-vfprintf.o)
 .debug_info    0x000011e0      0x68e c:/altera/13.0sp1/nios2eds/bin/gnu/h-i686-mingw32/bin/../lib/gcc/nios2-elf/4.1.2/../../../../nios2-elf/lib\libsmallc.a(lib_a-fvwrite_small_dev.o)
 .debug_info    0x0000186e      0x636 c:/altera/13.0sp1/nios2eds/bin/gnu/h-i686-mingw32/bin/../lib/gcc/nios2-elf/4.1.2/../../../../nios2-elf/lib\libsmallc.a(lib_a-impure.o)
 .debug_info    0x00001ea4       0xc2 c:/altera/13.0sp1/nios2eds/bin/gnu/h-i686-mingw32/bin/../lib/gcc/nios2-elf/4.1.2/../../../../nios2-elf/lib\libsmallc.a(lib_a-strlen.o)
 .debug_info    0x00001f66      0x68c c:/altera/13.0sp1/nios2eds/bin/gnu/h-i686-mingw32/bin/../lib/gcc/nios2-elf/4.1.2/../../../../nios2-elf/lib\libsmallc.a(lib_a-writer.o)
 .debug_info    0x000025f2       0x8c c:/altera/13.0sp1/nios2eds/bin/gnu/h-i686-mingw32/bin/../lib/gcc/nios2-elf/4.1.2/../../../../nios2-elf/lib\libsmallc.a(lib_a-int_errno.o)
 .debug_info    0x0000267e      0x21c c:/altera/13.0sp1/nios2eds/bin/gnu/h-i686-mingw32/bin/../lib/gcc/nios2-elf/4.1.2\libgcc.a(lib2-divmod.o)
 .debug_info    0x0000289a      0x12e ../NIOSII_bsp/\libhal_bsp.a(alt_load.o)
 .debug_info    0x000029c8      0x125 ../NIOSII_bsp/\libhal_bsp.a(alt_main.o)
 .debug_info    0x00002aed       0xab ../NIOSII_bsp/\libhal_bsp.a(alt_usleep.o)
 .debug_info    0x00002b98      0x179 ../NIOSII_bsp/\libhal_bsp.a(alt_write.o)
 .debug_info    0x00002d11      0x1b5 ../NIOSII_bsp/\libhal_bsp.a(alt_sys_init.o)
 .debug_info    0x00002ec6      0x18f ../NIOSII_bsp/\libhal_bsp.a(altera_avalon_jtag_uart_write.o)
 .debug_info    0x00003055       0xd0 ../NIOSII_bsp/\libhal_bsp.a(alt_busy_sleep.o)
 .debug_info    0x00003125       0x9f ../NIOSII_bsp/\libhal_bsp.a(alt_dcache_flush_all.o)
 .debug_info    0x000031c4       0xab ../NIOSII_bsp/\libhal_bsp.a(alt_errno.o)
 .debug_info    0x0000326f       0x8d ../NIOSII_bsp/\libhal_bsp.a(alt_icache_flush_all.o)
 .debug_info    0x000032fc       0x8d ../NIOSII_bsp/\libhal_bsp.a(altera_nios2_qsys_irq.o)
 .debug_info    0x00003389       0xd5 ../NIOSII_bsp/\libhal_bsp.a(alt_icache_flush.o)

.debug_abbrev   0x00000000     0x109f
 *(.debug_abbrev)
 .debug_abbrev  0x00000000       0x12 ../NIOSII_bsp//obj/HAL/src/crt0.o
 .debug_abbrev  0x00000012       0x79 obj/default/hello_world_small.o
 .debug_abbrev  0x0000008b      0x179 c:/altera/13.0sp1/nios2eds/bin/gnu/h-i686-mingw32/bin/../lib/gcc/nios2-elf/4.1.2/../../../../nios2-elf/lib\libsmallc.a(lib_a-printf.o)
 .debug_abbrev  0x00000204      0x263 c:/altera/13.0sp1/nios2eds/bin/gnu/h-i686-mingw32/bin/../lib/gcc/nios2-elf/4.1.2/../../../../nios2-elf/lib\libsmallc.a(lib_a-vfprintf.o)
 .debug_abbrev  0x00000467      0x179 c:/altera/13.0sp1/nios2eds/bin/gnu/h-i686-mingw32/bin/../lib/gcc/nios2-elf/4.1.2/../../../../nios2-elf/lib\libsmallc.a(lib_a-fvwrite_small_dev.o)
 .debug_abbrev  0x000005e0      0x13f c:/altera/13.0sp1/nios2eds/bin/gnu/h-i686-mingw32/bin/../lib/gcc/nios2-elf/4.1.2/../../../../nios2-elf/lib\libsmallc.a(lib_a-impure.o)
 .debug_abbrev  0x0000071f       0x7a c:/altera/13.0sp1/nios2eds/bin/gnu/h-i686-mingw32/bin/../lib/gcc/nios2-elf/4.1.2/../../../../nios2-elf/lib\libsmallc.a(lib_a-strlen.o)
 .debug_abbrev  0x00000799      0x16c c:/altera/13.0sp1/nios2eds/bin/gnu/h-i686-mingw32/bin/../lib/gcc/nios2-elf/4.1.2/../../../../nios2-elf/lib\libsmallc.a(lib_a-writer.o)
 .debug_abbrev  0x00000905       0x3b c:/altera/13.0sp1/nios2eds/bin/gnu/h-i686-mingw32/bin/../lib/gcc/nios2-elf/4.1.2/../../../../nios2-elf/lib\libsmallc.a(lib_a-int_errno.o)
 .debug_abbrev  0x00000940       0xe0 c:/altera/13.0sp1/nios2eds/bin/gnu/h-i686-mingw32/bin/../lib/gcc/nios2-elf/4.1.2\libgcc.a(lib2-divmod.o)
 .debug_abbrev  0x00000a20       0x97 ../NIOSII_bsp/\libhal_bsp.a(alt_load.o)
 .debug_abbrev  0x00000ab7       0xa6 ../NIOSII_bsp/\libhal_bsp.a(alt_main.o)
 .debug_abbrev  0x00000b5d       0x5d ../NIOSII_bsp/\libhal_bsp.a(alt_usleep.o)
 .debug_abbrev  0x00000bba       0xdd ../NIOSII_bsp/\libhal_bsp.a(alt_write.o)
 .debug_abbrev  0x00000c97       0xe3 ../NIOSII_bsp/\libhal_bsp.a(alt_sys_init.o)
 .debug_abbrev  0x00000d7a       0xf0 ../NIOSII_bsp/\libhal_bsp.a(altera_avalon_jtag_uart_write.o)
 .debug_abbrev  0x00000e6a       0x79 ../NIOSII_bsp/\libhal_bsp.a(alt_busy_sleep.o)
 .debug_abbrev  0x00000ee3       0x57 ../NIOSII_bsp/\libhal_bsp.a(alt_dcache_flush_all.o)
 .debug_abbrev  0x00000f3a       0x5e ../NIOSII_bsp/\libhal_bsp.a(alt_errno.o)
 .debug_abbrev  0x00000f98       0x3f ../NIOSII_bsp/\libhal_bsp.a(alt_icache_flush_all.o)
 .debug_abbrev  0x00000fd7       0x3f ../NIOSII_bsp/\libhal_bsp.a(altera_nios2_qsys_irq.o)
 .debug_abbrev  0x00001016       0x89 ../NIOSII_bsp/\libhal_bsp.a(alt_icache_flush.o)

.debug_line     0x00000000     0x3412
 *(.debug_line)
 .debug_line    0x00000000       0x72 ../NIOSII_bsp//obj/HAL/src/crt0.o
 .debug_line    0x00000072      0x248 obj/default/hello_world_small.o
 .debug_line    0x000002ba      0x2bb c:/altera/13.0sp1/nios2eds/bin/gnu/h-i686-mingw32/bin/../lib/gcc/nios2-elf/4.1.2/../../../../nios2-elf/lib\libsmallc.a(lib_a-printf.o)
 .debug_line    0x00000575      0x62c c:/altera/13.0sp1/nios2eds/bin/gnu/h-i686-mingw32/bin/../lib/gcc/nios2-elf/4.1.2/../../../../nios2-elf/lib\libsmallc.a(lib_a-vfprintf.o)
 .debug_line    0x00000ba1      0x2a6 c:/altera/13.0sp1/nios2eds/bin/gnu/h-i686-mingw32/bin/../lib/gcc/nios2-elf/4.1.2/../../../../nios2-elf/lib\libsmallc.a(lib_a-fvwrite_small_dev.o)
 .debug_line    0x00000e47      0x22d c:/altera/13.0sp1/nios2eds/bin/gnu/h-i686-mingw32/bin/../lib/gcc/nios2-elf/4.1.2/../../../../nios2-elf/lib\libsmallc.a(lib_a-impure.o)
 .debug_line    0x00001074      0x24d c:/altera/13.0sp1/nios2eds/bin/gnu/h-i686-mingw32/bin/../lib/gcc/nios2-elf/4.1.2/../../../../nios2-elf/lib\libsmallc.a(lib_a-strlen.o)
 .debug_line    0x000012c1      0x29a c:/altera/13.0sp1/nios2eds/bin/gnu/h-i686-mingw32/bin/../lib/gcc/nios2-elf/4.1.2/../../../../nios2-elf/lib\libsmallc.a(lib_a-writer.o)
 .debug_line    0x0000155b      0x1df c:/altera/13.0sp1/nios2eds/bin/gnu/h-i686-mingw32/bin/../lib/gcc/nios2-elf/4.1.2/../../../../nios2-elf/lib\libsmallc.a(lib_a-int_errno.o)
 .debug_line    0x0000173a      0x24f c:/altera/13.0sp1/nios2eds/bin/gnu/h-i686-mingw32/bin/../lib/gcc/nios2-elf/4.1.2\libgcc.a(lib2-divmod.o)
 .debug_line    0x00001989      0x217 ../NIOSII_bsp/\libhal_bsp.a(alt_load.o)
 .debug_line    0x00001ba0      0x2c2 ../NIOSII_bsp/\libhal_bsp.a(alt_main.o)
 .debug_line    0x00001e62      0x202 ../NIOSII_bsp/\libhal_bsp.a(alt_usleep.o)
 .debug_line    0x00002064      0x2ab ../NIOSII_bsp/\libhal_bsp.a(alt_write.o)
 .debug_line    0x0000230f      0x2c6 ../NIOSII_bsp/\libhal_bsp.a(alt_sys_init.o)
 .debug_line    0x000025d5      0x2f4 ../NIOSII_bsp/\libhal_bsp.a(altera_avalon_jtag_uart_write.o)
 .debug_line    0x000028c9      0x25e ../NIOSII_bsp/\libhal_bsp.a(alt_busy_sleep.o)
 .debug_line    0x00002b27      0x1cd ../NIOSII_bsp/\libhal_bsp.a(alt_dcache_flush_all.o)
 .debug_line    0x00002cf4      0x1aa ../NIOSII_bsp/\libhal_bsp.a(alt_errno.o)
 .debug_line    0x00002e9e      0x1c5 ../NIOSII_bsp/\libhal_bsp.a(alt_icache_flush_all.o)
 .debug_line    0x00003063      0x1ce ../NIOSII_bsp/\libhal_bsp.a(altera_nios2_qsys_irq.o)
 .debug_line    0x00003231      0x1e1 ../NIOSII_bsp/\libhal_bsp.a(alt_icache_flush.o)

.debug_frame    0x00000000      0x364
 *(.debug_frame)
 .debug_frame   0x00000000       0x2c obj/default/hello_world_small.o
 .debug_frame   0x0000002c       0x40 c:/altera/13.0sp1/nios2eds/bin/gnu/h-i686-mingw32/bin/../lib/gcc/nios2-elf/4.1.2/../../../../nios2-elf/lib\libsmallc.a(lib_a-printf.o)
 .debug_frame   0x0000006c       0x64 c:/altera/13.0sp1/nios2eds/bin/gnu/h-i686-mingw32/bin/../lib/gcc/nios2-elf/4.1.2/../../../../nios2-elf/lib\libsmallc.a(lib_a-vfprintf.o)
 .debug_frame   0x000000d0       0x30 c:/altera/13.0sp1/nios2eds/bin/gnu/h-i686-mingw32/bin/../lib/gcc/nios2-elf/4.1.2/../../../../nios2-elf/lib\libsmallc.a(lib_a-fvwrite_small_dev.o)
 .debug_frame   0x00000100       0x20 c:/altera/13.0sp1/nios2eds/bin/gnu/h-i686-mingw32/bin/../lib/gcc/nios2-elf/4.1.2/../../../../nios2-elf/lib\libsmallc.a(lib_a-strlen.o)
 .debug_frame   0x00000120       0x2c c:/altera/13.0sp1/nios2eds/bin/gnu/h-i686-mingw32/bin/../lib/gcc/nios2-elf/4.1.2/../../../../nios2-elf/lib\libsmallc.a(lib_a-writer.o)
 .debug_frame   0x0000014c       0x70 c:/altera/13.0sp1/nios2eds/bin/gnu/h-i686-mingw32/bin/../lib/gcc/nios2-elf/4.1.2\libgcc.a(lib2-divmod.o)
 .debug_frame   0x000001bc       0x38 ../NIOSII_bsp/\libhal_bsp.a(alt_load.o)
 .debug_frame   0x000001f4       0x28 ../NIOSII_bsp/\libhal_bsp.a(alt_main.o)
 .debug_frame   0x0000021c       0x20 ../NIOSII_bsp/\libhal_bsp.a(alt_usleep.o)
 .debug_frame   0x0000023c       0x28 ../NIOSII_bsp/\libhal_bsp.a(alt_write.o)
 .debug_frame   0x00000264       0x38 ../NIOSII_bsp/\libhal_bsp.a(alt_sys_init.o)
 .debug_frame   0x0000029c       0x20 ../NIOSII_bsp/\libhal_bsp.a(altera_avalon_jtag_uart_write.o)
 .debug_frame   0x000002bc       0x28 ../NIOSII_bsp/\libhal_bsp.a(alt_busy_sleep.o)
 .debug_frame   0x000002e4       0x20 ../NIOSII_bsp/\libhal_bsp.a(alt_dcache_flush_all.o)
 .debug_frame   0x00000304       0x20 ../NIOSII_bsp/\libhal_bsp.a(alt_icache_flush_all.o)
 .debug_frame   0x00000324       0x20 ../NIOSII_bsp/\libhal_bsp.a(altera_nios2_qsys_irq.o)
 .debug_frame   0x00000344       0x20 ../NIOSII_bsp/\libhal_bsp.a(alt_icache_flush.o)

.debug_str      0x00000000      0xe19
 *(.debug_str)
 .debug_str     0x00000000       0xec obj/default/hello_world_small.o
                                0x130 (size before relaxing)
 .debug_str     0x000000ec      0x395 c:/altera/13.0sp1/nios2eds/bin/gnu/h-i686-mingw32/bin/../lib/gcc/nios2-elf/4.1.2/../../../../nios2-elf/lib\libsmallc.a(lib_a-printf.o)
                                0x458 (size before relaxing)
 .debug_str     0x00000481      0x15f c:/altera/13.0sp1/nios2eds/bin/gnu/h-i686-mingw32/bin/../lib/gcc/nios2-elf/4.1.2/../../../../nios2-elf/lib\libsmallc.a(lib_a-vfprintf.o)
                                0x5a1 (size before relaxing)
 .debug_str     0x000005e0       0x6d c:/altera/13.0sp1/nios2eds/bin/gnu/h-i686-mingw32/bin/../lib/gcc/nios2-elf/4.1.2/../../../../nios2-elf/lib\libsmallc.a(lib_a-fvwrite_small_dev.o)
                                0x45c (size before relaxing)
 .debug_str     0x0000064d       0xea c:/altera/13.0sp1/nios2eds/bin/gnu/h-i686-mingw32/bin/../lib/gcc/nios2-elf/4.1.2/../../../../nios2-elf/lib\libsmallc.a(lib_a-impure.o)
                                0x44f (size before relaxing)
 .debug_str     0x00000737       0xd4 c:/altera/13.0sp1/nios2eds/bin/gnu/h-i686-mingw32/bin/../lib/gcc/nios2-elf/4.1.2/../../../../nios2-elf/lib\libsmallc.a(lib_a-strlen.o)
                                0x176 (size before relaxing)
 .debug_str     0x0000080b       0x4c c:/altera/13.0sp1/nios2eds/bin/gnu/h-i686-mingw32/bin/../lib/gcc/nios2-elf/4.1.2/../../../../nios2-elf/lib\libsmallc.a(lib_a-writer.o)
                                0x443 (size before relaxing)
 .debug_str     0x00000857       0x3d c:/altera/13.0sp1/nios2eds/bin/gnu/h-i686-mingw32/bin/../lib/gcc/nios2-elf/4.1.2/../../../../nios2-elf/lib\libsmallc.a(lib_a-int_errno.o)
                                0x169 (size before relaxing)
 .debug_str     0x00000894      0x10b c:/altera/13.0sp1/nios2eds/bin/gnu/h-i686-mingw32/bin/../lib/gcc/nios2-elf/4.1.2\libgcc.a(lib2-divmod.o)
                                0x1b4 (size before relaxing)
 .debug_str     0x0000099f      0x15e ../NIOSII_bsp/\libhal_bsp.a(alt_load.o)
                                0x1f3 (size before relaxing)
 .debug_str     0x00000afd       0x70 ../NIOSII_bsp/\libhal_bsp.a(alt_main.o)
                                0x177 (size before relaxing)
 .debug_str     0x00000b6d       0x27 ../NIOSII_bsp/\libhal_bsp.a(alt_usleep.o)
                                0x129 (size before relaxing)
 .debug_str     0x00000b94       0x56 ../NIOSII_bsp/\libhal_bsp.a(alt_write.o)
                                0x1a1 (size before relaxing)
 .debug_str     0x00000bea       0xc0 ../NIOSII_bsp/\libhal_bsp.a(alt_sys_init.o)
                                0x225 (size before relaxing)
 .debug_str     0x00000caa       0x4a ../NIOSII_bsp/\libhal_bsp.a(altera_avalon_jtag_uart_write.o)
                                0x1ef (size before relaxing)
 .debug_str     0x00000cf4       0x42 ../NIOSII_bsp/\libhal_bsp.a(alt_busy_sleep.o)
                                0x14c (size before relaxing)
 .debug_str     0x00000d36       0x34 ../NIOSII_bsp/\libhal_bsp.a(alt_dcache_flush_all.o)
                                0x136 (size before relaxing)
 .debug_str     0x00000d6a       0x14 ../NIOSII_bsp/\libhal_bsp.a(alt_errno.o)
                                0x126 (size before relaxing)
 .debug_str     0x00000d7e       0x34 ../NIOSII_bsp/\libhal_bsp.a(alt_icache_flush_all.o)
                                0x136 (size before relaxing)
 .debug_str     0x00000db2       0x3b ../NIOSII_bsp/\libhal_bsp.a(altera_nios2_qsys_irq.o)
                                0x13d (size before relaxing)
 .debug_str     0x00000ded       0x2c ../NIOSII_bsp/\libhal_bsp.a(alt_icache_flush.o)
                                0x13c (size before relaxing)

.debug_loc      0x00000000      0xdcc
 *(.debug_loc)
 .debug_loc     0x00000000       0x32 obj/default/hello_world_small.o
 .debug_loc     0x00000032       0x8d c:/altera/13.0sp1/nios2eds/bin/gnu/h-i686-mingw32/bin/../lib/gcc/nios2-elf/4.1.2/../../../../nios2-elf/lib\libsmallc.a(lib_a-printf.o)
 .debug_loc     0x000000bf      0x773 c:/altera/13.0sp1/nios2eds/bin/gnu/h-i686-mingw32/bin/../lib/gcc/nios2-elf/4.1.2/../../../../nios2-elf/lib\libsmallc.a(lib_a-vfprintf.o)
 .debug_loc     0x00000832      0x162 c:/altera/13.0sp1/nios2eds/bin/gnu/h-i686-mingw32/bin/../lib/gcc/nios2-elf/4.1.2/../../../../nios2-elf/lib\libsmallc.a(lib_a-fvwrite_small_dev.o)
 .debug_loc     0x00000994       0x1e c:/altera/13.0sp1/nios2eds/bin/gnu/h-i686-mingw32/bin/../lib/gcc/nios2-elf/4.1.2/../../../../nios2-elf/lib\libsmallc.a(lib_a-strlen.o)
 .debug_loc     0x000009b2       0x97 c:/altera/13.0sp1/nios2eds/bin/gnu/h-i686-mingw32/bin/../lib/gcc/nios2-elf/4.1.2/../../../../nios2-elf/lib\libsmallc.a(lib_a-writer.o)
 .debug_loc     0x00000a49      0x1d2 c:/altera/13.0sp1/nios2eds/bin/gnu/h-i686-mingw32/bin/../lib/gcc/nios2-elf/4.1.2\libgcc.a(lib2-divmod.o)
 .debug_loc     0x00000c1b       0x1f ../NIOSII_bsp/\libhal_bsp.a(alt_load.o)
 .debug_loc     0x00000c3a       0x1f ../NIOSII_bsp/\libhal_bsp.a(alt_main.o)
 .debug_loc     0x00000c59       0x13 ../NIOSII_bsp/\libhal_bsp.a(alt_usleep.o)
 .debug_loc     0x00000c6c       0x9a ../NIOSII_bsp/\libhal_bsp.a(alt_write.o)
 .debug_loc     0x00000d06       0x32 ../NIOSII_bsp/\libhal_bsp.a(alt_sys_init.o)
 .debug_loc     0x00000d38       0x26 ../NIOSII_bsp/\libhal_bsp.a(altera_avalon_jtag_uart_write.o)
 .debug_loc     0x00000d5e       0x5b ../NIOSII_bsp/\libhal_bsp.a(alt_busy_sleep.o)
 .debug_loc     0x00000db9       0x13 ../NIOSII_bsp/\libhal_bsp.a(alt_icache_flush.o)

.debug_macinfo
 *(.debug_macinfo)

.debug_weaknames
 *(.debug_weaknames)

.debug_funcnames
 *(.debug_funcnames)

.debug_typenames
 *(.debug_typenames)

.debug_varnames
 *(.debug_varnames)

.debug_alt_sim_info
                0x00000000       0x60
 *(.debug_alt_sim_info)
 .debug_alt_sim_info
                0x00000000       0x30 ../NIOSII_bsp//obj/HAL/src/crt0.o
 .debug_alt_sim_info
                0x00000030       0x30 ../NIOSII_bsp/\libhal_bsp.a(alt_busy_sleep.o)
                0x04000000                __alt_data_end = 0x4000000
                0x04000000                PROVIDE (__alt_stack_pointer, __alt_data_end)
                0x02000f84                PROVIDE (__alt_stack_limit, __alt_stack_base)
                0x02000f84                PROVIDE (__alt_heap_start, end)
                0x04000000                PROVIDE (__alt_heap_limit, 0x4000000)
OUTPUT(NIOSII.elf elf32-littlenios2)

.debug_ranges   0x00000000      0x160
 .debug_ranges  0x00000000       0x20 ../NIOSII_bsp//obj/HAL/src/crt0.o
 .debug_ranges  0x00000020      0x140 c:/altera/13.0sp1/nios2eds/bin/gnu/h-i686-mingw32/bin/../lib/gcc/nios2-elf/4.1.2/../../../../nios2-elf/lib\libsmallc.a(lib_a-vfprintf.o)
